D:/240233/Zigbee_TempMeas_Server_Router/STM32_WPAN/App/app_zigbee_endpoint.c:532:13:APP_ZIGBEE_TimerUpdateCallback	0	static
D:/240233/Zigbee_TempMeas_Server_Router/STM32_WPAN/App/app_zigbee_endpoint.c:543:13:APP_ZIGBEE_TempMeasAttributeUpdate	56	static
D:/240233/Zigbee_TempMeas_Server_Router/STM32_WPAN/App/app_zigbee_endpoint.c:164:6:APP_ZIGBEE_ApplicationInit	64	static
D:/240233/Zigbee_TempMeas_Server_Router/STM32_WPAN/App/app_zigbee_endpoint.c:191:6:APP_ZIGBEE_ApplicationStart	8	static
D:/240233/Zigbee_TempMeas_Server_Router/STM32_WPAN/App/app_zigbee_endpoint.c:217:6:APP_ZIGBEE_ConfigEndpoints	56	static
D:/240233/Zigbee_TempMeas_Server_Router/STM32_WPAN/App/app_zigbee_endpoint.c:253:6:APP_ZIGBEE_ConfigGroupAddr	24	static
D:/240233/Zigbee_TempMeas_Server_Router/STM32_WPAN/App/app_zigbee_endpoint.c:272:6:APP_ZIGBEE_GetStartupConfig	16	static
D:/240233/Zigbee_TempMeas_Server_Router/STM32_WPAN/App/app_zigbee_endpoint.c:305:6:APP_ZIGBEE_SetNewDevice	32	static
D:/240233/Zigbee_TempMeas_Server_Router/STM32_WPAN/App/app_zigbee_endpoint.c:319:6:APP_ZIGBEE_PrintApplicationInfo	24	static
D:/240233/Zigbee_TempMeas_Server_Router/STM32_WPAN/App/app_zigbee_endpoint.c:512:6:APP_BSP_Button1Action	0	static
D:/240233/Zigbee_TempMeas_Server_Router/STM32_WPAN/App/app_zigbee_endpoint.c:522:6:APP_BSP_Button2Action	0	static
