D:/240233/Zigbee_TempMeas_Server_Router/Projects/Common/WPAN/Interfaces/app_bsp.c:527:13:APP_BSP_Button1Action	0	static
D:/240233/Zigbee_TempMeas_Server_Router/Projects/Common/WPAN/Interfaces/app_bsp.c:545:13:APP_BSP_Button3Action	0	static
D:/240233/Zigbee_TempMeas_Server_Router/Projects/Common/WPAN/Interfaces/app_bsp.c:536:13:APP_BSP_Button2Action	0	static
D:/240233/Zigbee_TempMeas_Server_Router/Projects/Common/WPAN/Interfaces/app_bsp.c:1773:13:Button_TriggerActions	8	static
D:/240233/Zigbee_TempMeas_Server_Router/Projects/Common/WPAN/Interfaces/app_bsp.c:372:6:APP_BSP_PostIdle	0	static
D:/240233/Zigbee_TempMeas_Server_Router/Projects/Common/WPAN/Interfaces/app_bsp.c:413:6:APP_BSP_StandbyExit	8	static
D:/240233/Zigbee_TempMeas_Server_Router/Projects/Common/WPAN/Interfaces/app_bsp.c:499:9:APP_BSP_ButtonIsLongPressed	0	static
D:/240233/Zigbee_TempMeas_Server_Router/Projects/Common/WPAN/Interfaces/app_bsp.c:517:6:APP_BSP_SetButtonIsLongPressed	0	static
D:/240233/Zigbee_TempMeas_Server_Router/Projects/Common/WPAN/Interfaces/app_bsp.c:656:6:APP_BSP_LedInit	8	static
D:/240233/Zigbee_TempMeas_Server_Router/Projects/Common/WPAN/Interfaces/app_bsp.c:1608:6:APP_BSP_ButtonInit	24	static
D:/240233/Zigbee_TempMeas_Server_Router/Projects/Common/WPAN/Interfaces/app_bsp.c:331:6:APP_BSP_Init	8	static
D:/240233/Zigbee_TempMeas_Server_Router/Projects/Common/WPAN/Interfaces/app_bsp.c:1800:6:BSP_PB_Callback	4	static
D:/240233/Zigbee_TempMeas_Server_Router/Projects/Common/WPAN/Interfaces/app_bsp.c:1806:6:HAL_PWR_WKUP2_Callback	0	static
D:/240233/Zigbee_TempMeas_Server_Router/Projects/Common/WPAN/Interfaces/app_bsp.c:1823:6:HAL_PWR_WKUP3_Callback	0	static
D:/240233/Zigbee_TempMeas_Server_Router/Projects/Common/WPAN/Interfaces/app_bsp.c:1840:6:HAL_PWR_WKUP5_Callback	0	static
D:/240233/Zigbee_TempMeas_Server_Router/Projects/Common/WPAN/Interfaces/app_bsp.c:1875:9:APP_BSP_SerialCmdExecute	16	static
