D:/240233/Zigbee_TempMeas_Server_Router/Projects/Common/WPAN/Interfaces/hw_aes.c:52:12:CRYP_MutexTake	0	static
D:/240233/Zigbee_TempMeas_Server_Router/Projects/Common/WPAN/Interfaces/hw_aes.c:57:12:CRYP_MutexRelease	0	static
D:/240233/Zigbee_TempMeas_Server_Router/Projects/Common/WPAN/Interfaces/hw_aes.c:64:5:HW_AES_Enable	16	static,ignoring_inline_asm
D:/240233/Zigbee_TempMeas_Server_Router/Projects/Common/WPAN/Interfaces/hw_aes.c:97:6:HW_AES_SetKey	32	static
D:/240233/Zigbee_TempMeas_Server_Router/Projects/Common/WPAN/Interfaces/hw_aes.c:162:6:HW_AES_Crypt	0	static
D:/240233/Zigbee_TempMeas_Server_Router/Projects/Common/WPAN/Interfaces/hw_aes.c:186:6:HW_AES_Disable	8	static,ignoring_inline_asm
D:/240233/Zigbee_TempMeas_Server_Router/Projects/Common/WPAN/Interfaces/hw_aes.c:213:6:HW_AES_Crypt8	24	static
D:/240233/Zigbee_TempMeas_Server_Router/Projects/Common/WPAN/Interfaces/hw_aes.c:245:6:HW_AES_InitCcm	40	static
D:/240233/Zigbee_TempMeas_Server_Router/Projects/Common/WPAN/Interfaces/hw_aes.c:302:6:HW_AES_EndCcm	24	static
D:/240233/Zigbee_TempMeas_Server_Router/Projects/Common/WPAN/Interfaces/hw_aes.c:327:6:HW_AES_SetLast	0	static
