D:/240233/Zigbee_TempMeas_Server_Router/Projects/Common/WPAN/Interfaces/timer_if.c:204:10:TIMER_IF_SetTimerContext	0	static
D:/240233/Zigbee_TempMeas_Server_Router/Projects/Common/WPAN/Interfaces/timer_if.c:215:10:TIMER_IF_GetTimerContext	0	static
D:/240233/Zigbee_TempMeas_Server_Router/Projects/Common/WPAN/Interfaces/timer_if.c:223:10:TIMER_IF_GetTimerElapsedTime	0	static
D:/240233/Zigbee_TempMeas_Server_Router/Projects/Common/WPAN/Interfaces/timer_if.c:240:10:TIMER_IF_GetMinimumTimeout	0	static
D:/240233/Zigbee_TempMeas_Server_Router/Projects/Common/WPAN/Interfaces/timer_if.c:245:10:TIMER_IF_Convert_ms2Tick	8	static
D:/240233/Zigbee_TempMeas_Server_Router/Projects/Common/WPAN/Interfaces/timer_if.c:250:10:TIMER_IF_Convert_Tick2ms	0	static
D:/240233/Zigbee_TempMeas_Server_Router/Projects/Common/WPAN/Interfaces/timer_if.c:191:21:TIMER_IF_StopTimer	8	static
D:/240233/Zigbee_TempMeas_Server_Router/Projects/Common/WPAN/Interfaces/timer_if.c:299:6:TIMER_IF_BkUp_Write_Seconds	0	static
D:/240233/Zigbee_TempMeas_Server_Router/Projects/Common/WPAN/Interfaces/timer_if.c:304:6:TIMER_IF_BkUp_Write_SubSeconds	0	static
D:/240233/Zigbee_TempMeas_Server_Router/Projects/Common/WPAN/Interfaces/timer_if.c:163:21:TIMER_IF_StartTimer	64	static
D:/240233/Zigbee_TempMeas_Server_Router/Projects/Common/WPAN/Interfaces/timer_if.c:282:10:TIMER_IF_GetTime	16	static
D:/240233/Zigbee_TempMeas_Server_Router/Projects/Common/WPAN/Interfaces/timer_if.c:309:10:TIMER_IF_BkUp_Read_Seconds	0	static
D:/240233/Zigbee_TempMeas_Server_Router/Projects/Common/WPAN/Interfaces/timer_if.c:314:10:TIMER_IF_BkUp_Read_SubSeconds	0	static
D:/240233/Zigbee_TempMeas_Server_Router/Projects/Common/WPAN/Interfaces/timer_if.c:228:10:TIMER_IF_GetTimerValue	0	static
D:/240233/Zigbee_TempMeas_Server_Router/Projects/Common/WPAN/Interfaces/timer_if.c:137:21:TIMER_IF_Init	16	static
D:/240233/Zigbee_TempMeas_Server_Router/Projects/Common/WPAN/Interfaces/timer_if.c:255:6:TIMER_IF_DelayMs	8	static,ignoring_inline_asm
D:/240233/Zigbee_TempMeas_Server_Router/Projects/Common/WPAN/Interfaces/timer_if.c:267:6:HAL_RTC_AlarmAEventCallback	0	static
D:/240233/Zigbee_TempMeas_Server_Router/Projects/Common/WPAN/Interfaces/timer_if.c:272:6:HAL_RTCEx_SSRUEventCallback	8	static
