D:/241161/dnes3/Zigbee_TempMeas_Server_Router/Core/Src/main.c:137:6:SystemClock_Config	112	static,ignoring_inline_asm
D:/241161/dnes3/Zigbee_TempMeas_Server_Router/Core/Src/main.c:205:6:PeriphCommonClock_Config	80	static,ignoring_inline_asm
D:/241161/dnes3/Zigbee_TempMeas_Server_Router/Core/Src/main.c:327:6:MX_ICACHE_Init	0	static
D:/241161/dnes3/Zigbee_TempMeas_Server_Router/Core/Src/main.c:357:6:MX_RAMCFG_Init	8	static,ignoring_inline_asm
D:/241161/dnes3/Zigbee_TempMeas_Server_Router/Core/Src/main.c:390:6:MX_RTC_Init	96	static,ignoring_inline_asm
D:/241161/dnes3/Zigbee_TempMeas_Server_Router/Core/Src/main.c:460:6:MX_USART1_UART_Init	8	static,ignoring_inline_asm
D:/241161/dnes3/Zigbee_TempMeas_Server_Router/Core/Src/main.c:508:6:MX_GPIO_Init	16	static
D:/241161/dnes3/Zigbee_TempMeas_Server_Router/Core/Src/main.c:76:5:main	24	static,ignoring_inline_asm
D:/241161/dnes3/Zigbee_TempMeas_Server_Router/Core/Src/main.c:532:6:Error_Handler	0	static,ignoring_inline_asm
D:/241161/dnes3/Zigbee_TempMeas_Server_Router/Core/Src/main.c:550:6:assert_failed	0	static,ignoring_inline_asm
