D:/241161/dnes3/Zigbee_TempMeas_Server_Router/Core/Src/stm32wbaxx_hal_msp.c:65:6:HAL_MspInit	16	static
D:/241161/dnes3/Zigbee_TempMeas_Server_Router/Core/Src/stm32wbaxx_hal_msp.c:95:6:HAL_ADC_MspInit	112	static
D:/241161/dnes3/Zigbee_TempMeas_Server_Router/Core/Src/stm32wbaxx_hal_msp.c:141:6:HAL_ADC_MspDeInit	0	static
D:/241161/dnes3/Zigbee_TempMeas_Server_Router/Core/Src/stm32wbaxx_hal_msp.c:170:6:HAL_RAMCFG_MspInit	8	static
D:/241161/dnes3/Zigbee_TempMeas_Server_Router/Core/Src/stm32wbaxx_hal_msp.c:189:6:HAL_RAMCFG_MspDeInit	0	static
D:/241161/dnes3/Zigbee_TempMeas_Server_Router/Core/Src/stm32wbaxx_hal_msp.c:208:6:HAL_RTC_MspInit	88	static
D:/241161/dnes3/Zigbee_TempMeas_Server_Router/Core/Src/stm32wbaxx_hal_msp.c:245:6:HAL_RTC_MspDeInit	0	static
D:/241161/dnes3/Zigbee_TempMeas_Server_Router/Core/Src/stm32wbaxx_hal_msp.c:270:6:HAL_UART_MspInit	128	static
D:/241161/dnes3/Zigbee_TempMeas_Server_Router/Core/Src/stm32wbaxx_hal_msp.c:384:6:HAL_UART_MspDeInit	8	static
