D:/241161/dnes3/Zigbee_TempMeas_Server_Router/Core/Src/stm32wbaxx_it.c:85:6:NMI_Handler	0	static
D:/241161/dnes3/Zigbee_TempMeas_Server_Router/Core/Src/stm32wbaxx_it.c:100:6:HardFault_Handler	0	static
D:/241161/dnes3/Zigbee_TempMeas_Server_Router/Core/Src/stm32wbaxx_it.c:115:6:MemManage_Handler	0	static
D:/241161/dnes3/Zigbee_TempMeas_Server_Router/Core/Src/stm32wbaxx_it.c:130:6:BusFault_Handler	0	static
D:/241161/dnes3/Zigbee_TempMeas_Server_Router/Core/Src/stm32wbaxx_it.c:145:6:UsageFault_Handler	0	static
D:/241161/dnes3/Zigbee_TempMeas_Server_Router/Core/Src/stm32wbaxx_it.c:160:6:SVC_Handler	0	static
D:/241161/dnes3/Zigbee_TempMeas_Server_Router/Core/Src/stm32wbaxx_it.c:173:6:DebugMon_Handler	0	static
D:/241161/dnes3/Zigbee_TempMeas_Server_Router/Core/Src/stm32wbaxx_it.c:186:6:PendSV_Handler	0	static
D:/241161/dnes3/Zigbee_TempMeas_Server_Router/Core/Src/stm32wbaxx_it.c:199:6:SysTick_Handler	0	static
D:/241161/dnes3/Zigbee_TempMeas_Server_Router/Core/Src/stm32wbaxx_it.c:220:6:RTC_IRQHandler	8	static
D:/241161/dnes3/Zigbee_TempMeas_Server_Router/Core/Src/stm32wbaxx_it.c:235:6:RCC_IRQHandler	0	static
D:/241161/dnes3/Zigbee_TempMeas_Server_Router/Core/Src/stm32wbaxx_it.c:265:6:GPDMA1_Channel0_IRQHandler	0	static
D:/241161/dnes3/Zigbee_TempMeas_Server_Router/Core/Src/stm32wbaxx_it.c:279:6:GPDMA1_Channel1_IRQHandler	0	static
D:/241161/dnes3/Zigbee_TempMeas_Server_Router/Core/Src/stm32wbaxx_it.c:293:6:USART1_IRQHandler	0	static
D:/241161/dnes3/Zigbee_TempMeas_Server_Router/Core/Src/stm32wbaxx_it.c:307:6:TIM16_IRQHandler	0	static
D:/241161/dnes3/Zigbee_TempMeas_Server_Router/Core/Src/stm32wbaxx_it.c:333:6:RADIO_IRQHandler	8	static,ignoring_inline_asm
D:/241161/dnes3/Zigbee_TempMeas_Server_Router/Core/Src/stm32wbaxx_it.c:355:6:WKUP_IRQHandler	0	static
D:/241161/dnes3/Zigbee_TempMeas_Server_Router/Core/Src/stm32wbaxx_it.c:369:6:HASH_IRQHandler	8	static,ignoring_inline_asm
