D:/240233/Zigbee_TempMeas_Server_Router/Core/Src/app_entry.c:125:6:MX_APPE_Config	16	static
D:/240233/Zigbee_TempMeas_Server_Router/Core/Src/app_entry.c:134:6:MX_APPE_LinkLayerInit	0	static
D:/240233/Zigbee_TempMeas_Server_Router/Core/Src/app_entry.c:144:10:MX_APPE_Init	8	static
D:/240233/Zigbee_TempMeas_Server_Router/Core/Src/app_entry.c:180:6:MX_APPE_Process	0	static
D:/240233/Zigbee_TempMeas_Server_Router/Core/Src/app_entry.c:368:6:UTIL_SEQ_Idle	0	static
D:/240233/Zigbee_TempMeas_Server_Router/Core/Src/app_entry.c:383:6:UTIL_SEQ_PreIdle	0	static
D:/240233/Zigbee_TempMeas_Server_Router/Core/Src/app_entry.c:426:6:UTIL_SEQ_PostIdle	0	static
D:/240233/Zigbee_TempMeas_Server_Router/Core/Src/app_entry.c:444:6:HWCB_RNG_Process	0	static
D:/240233/Zigbee_TempMeas_Server_Router/Core/Src/app_entry.c:478:6:UTIL_ADV_TRACE_PreSendHook	0	static
D:/240233/Zigbee_TempMeas_Server_Router/Core/Src/app_entry.c:489:6:UTIL_ADV_TRACE_PostSendHook	0	static
D:/240233/Zigbee_TempMeas_Server_Router/Core/Src/app_entry.c:507:6:Serial_CMD_Interpreter_CmdExecute	0	static
D:/240233/Zigbee_TempMeas_Server_Router/Core/Src/app_entry.c:522:13:__aeabi_assert	8	static
