D:/240233/Zigbee_TempMeas_Server_Router/Core/Src/main.c:138:6:SystemClock_Config	112	static,ignoring_inline_asm
D:/240233/Zigbee_TempMeas_Server_Router/Core/Src/main.c:206:6:PeriphCommonClock_Config	80	static,ignoring_inline_asm
D:/240233/Zigbee_TempMeas_Server_Router/Core/Src/main.c:317:6:MX_ICACHE_Init	0	static
D:/240233/Zigbee_TempMeas_Server_Router/Core/Src/main.c:347:6:MX_RAMCFG_Init	8	static,ignoring_inline_asm
D:/240233/Zigbee_TempMeas_Server_Router/Core/Src/main.c:380:6:MX_RTC_Init	96	static,ignoring_inline_asm
D:/240233/Zigbee_TempMeas_Server_Router/Core/Src/main.c:450:6:MX_USART1_UART_Init	8	static,ignoring_inline_asm
D:/240233/Zigbee_TempMeas_Server_Router/Core/Src/main.c:498:6:MX_GPIO_Init	16	static
D:/240233/Zigbee_TempMeas_Server_Router/Core/Src/main.c:77:5:main	16	static,ignoring_inline_asm
D:/240233/Zigbee_TempMeas_Server_Router/Core/Src/main.c:522:6:Error_Handler	0	static,ignoring_inline_asm
D:/240233/Zigbee_TempMeas_Server_Router/Core/Src/main.c:540:6:assert_failed	0	static,ignoring_inline_asm
