D:/240233/Zigbee_TempMeas_Server_Router/Core/Src/stm32wbaxx_hal_msp.c:65:6:HAL_MspInit	16	static
D:/240233/Zigbee_TempMeas_Server_Router/Core/Src/stm32wbaxx_hal_msp.c:95:6:HAL_I2C_MspInit	136	static
D:/240233/Zigbee_TempMeas_Server_Router/Core/Src/stm32wbaxx_hal_msp.c:150:6:HAL_I2C_MspDeInit	8	static
D:/240233/Zigbee_TempMeas_Server_Router/Core/Src/stm32wbaxx_hal_msp.c:181:6:HAL_RAMCFG_MspInit	8	static
D:/240233/Zigbee_TempMeas_Server_Router/Core/Src/stm32wbaxx_hal_msp.c:200:6:HAL_RAMCFG_MspDeInit	0	static
D:/240233/Zigbee_TempMeas_Server_Router/Core/Src/stm32wbaxx_hal_msp.c:219:6:HAL_RTC_MspInit	88	static
D:/240233/Zigbee_TempMeas_Server_Router/Core/Src/stm32wbaxx_hal_msp.c:256:6:HAL_RTC_MspDeInit	0	static
D:/240233/Zigbee_TempMeas_Server_Router/Core/Src/stm32wbaxx_hal_msp.c:281:6:HAL_UART_MspInit	128	static
D:/240233/Zigbee_TempMeas_Server_Router/Core/Src/stm32wbaxx_hal_msp.c:395:6:HAL_UART_MspDeInit	8	static
