D:/241161/dnes3/Zigbee_TempMeas_Server_Router/Drivers/STM32WBAxx_HAL_Driver/Src/stm32wbaxx_hal_adc.c:885:13:HAL_ADC_MspInit	0	static
D:/241161/dnes3/Zigbee_TempMeas_Server_Router/Drivers/STM32WBAxx_HAL_Driver/Src/stm32wbaxx_hal_adc.c:379:19:HAL_ADC_Init	24	static
D:/241161/dnes3/Zigbee_TempMeas_Server_Router/Drivers/STM32WBAxx_HAL_Driver/Src/stm32wbaxx_hal_adc.c:902:13:HAL_ADC_MspDeInit	0	static
D:/241161/dnes3/Zigbee_TempMeas_Server_Router/Drivers/STM32WBAxx_HAL_Driver/Src/stm32wbaxx_hal_adc.c:1287:19:HAL_ADC_PollForConversion	24	static
D:/241161/dnes3/Zigbee_TempMeas_Server_Router/Drivers/STM32WBAxx_HAL_Driver/Src/stm32wbaxx_hal_adc.c:1420:19:HAL_ADC_PollForEvent	24	static
D:/241161/dnes3/Zigbee_TempMeas_Server_Router/Drivers/STM32WBAxx_HAL_Driver/Src/stm32wbaxx_hal_adc.c:1927:10:HAL_ADC_GetValue	8	static
D:/241161/dnes3/Zigbee_TempMeas_Server_Router/Drivers/STM32WBAxx_HAL_Driver/Src/stm32wbaxx_hal_adc.c:2154:13:HAL_ADC_ConvCpltCallback	0	static
D:/241161/dnes3/Zigbee_TempMeas_Server_Router/Drivers/STM32WBAxx_HAL_Driver/Src/stm32wbaxx_hal_adc.c:2169:13:HAL_ADC_ConvHalfCpltCallback	0	static
D:/241161/dnes3/Zigbee_TempMeas_Server_Router/Drivers/STM32WBAxx_HAL_Driver/Src/stm32wbaxx_hal_adc.c:2996:13:ADC_DMAHalfConvCplt	8	static
D:/241161/dnes3/Zigbee_TempMeas_Server_Router/Drivers/STM32WBAxx_HAL_Driver/Src/stm32wbaxx_hal_adc.c:2184:13:HAL_ADC_LevelOutOfWindowCallback	0	static
D:/241161/dnes3/Zigbee_TempMeas_Server_Router/Drivers/STM32WBAxx_HAL_Driver/Src/stm32wbaxx_hal_adc.c:2206:13:HAL_ADC_ErrorCallback	0	static
D:/241161/dnes3/Zigbee_TempMeas_Server_Router/Drivers/STM32WBAxx_HAL_Driver/Src/stm32wbaxx_hal_adc.c:3014:13:ADC_DMAError	8	static
D:/241161/dnes3/Zigbee_TempMeas_Server_Router/Drivers/STM32WBAxx_HAL_Driver/Src/stm32wbaxx_hal_adc.c:2918:13:ADC_DMAConvCplt	8	static
D:/241161/dnes3/Zigbee_TempMeas_Server_Router/Drivers/STM32WBAxx_HAL_Driver/Src/stm32wbaxx_hal_adc.c:1944:6:HAL_ADC_IRQHandler	16	static
D:/241161/dnes3/Zigbee_TempMeas_Server_Router/Drivers/STM32WBAxx_HAL_Driver/Src/stm32wbaxx_hal_adc.c:2252:19:HAL_ADC_ConfigChannel	32	static,ignoring_inline_asm
D:/241161/dnes3/Zigbee_TempMeas_Server_Router/Drivers/STM32WBAxx_HAL_Driver/Src/stm32wbaxx_hal_adc.c:2449:19:HAL_ADC_AnalogWDGConfig	24	static,ignoring_inline_asm
D:/241161/dnes3/Zigbee_TempMeas_Server_Router/Drivers/STM32WBAxx_HAL_Driver/Src/stm32wbaxx_hal_adc.c:2668:10:HAL_ADC_GetState	8	static
D:/241161/dnes3/Zigbee_TempMeas_Server_Router/Drivers/STM32WBAxx_HAL_Driver/Src/stm32wbaxx_hal_adc.c:2682:10:HAL_ADC_GetError	8	static
D:/241161/dnes3/Zigbee_TempMeas_Server_Router/Drivers/STM32WBAxx_HAL_Driver/Src/stm32wbaxx_hal_adc.c:2709:19:ADC_ConversionStop	16	static
D:/241161/dnes3/Zigbee_TempMeas_Server_Router/Drivers/STM32WBAxx_HAL_Driver/Src/stm32wbaxx_hal_adc.c:2763:19:ADC_Enable	24	static
D:/241161/dnes3/Zigbee_TempMeas_Server_Router/Drivers/STM32WBAxx_HAL_Driver/Src/stm32wbaxx_hal_adc.c:1169:19:HAL_ADC_Start	16	static
D:/241161/dnes3/Zigbee_TempMeas_Server_Router/Drivers/STM32WBAxx_HAL_Driver/Src/stm32wbaxx_hal_adc.c:1550:19:HAL_ADC_Start_IT	16	static
D:/241161/dnes3/Zigbee_TempMeas_Server_Router/Drivers/STM32WBAxx_HAL_Driver/Src/stm32wbaxx_hal_adc.c:1688:19:HAL_ADC_Start_DMA	112	static
D:/241161/dnes3/Zigbee_TempMeas_Server_Router/Drivers/STM32WBAxx_HAL_Driver/Src/stm32wbaxx_hal_adc.c:2856:19:ADC_Disable	16	static
D:/241161/dnes3/Zigbee_TempMeas_Server_Router/Drivers/STM32WBAxx_HAL_Driver/Src/stm32wbaxx_hal_adc.c:760:19:HAL_ADC_DeInit	24	static
D:/241161/dnes3/Zigbee_TempMeas_Server_Router/Drivers/STM32WBAxx_HAL_Driver/Src/stm32wbaxx_hal_adc.c:1236:19:HAL_ADC_Stop	8	static
D:/241161/dnes3/Zigbee_TempMeas_Server_Router/Drivers/STM32WBAxx_HAL_Driver/Src/stm32wbaxx_hal_adc.c:1641:19:HAL_ADC_Stop_IT	8	static
D:/241161/dnes3/Zigbee_TempMeas_Server_Router/Drivers/STM32WBAxx_HAL_Driver/Src/stm32wbaxx_hal_adc.c:1846:19:HAL_ADC_Stop_DMA	16	static
