D:/241161/dnes3/Zigbee_TempMeas_Server_Router/Drivers/STM32WBAxx_HAL_Driver/Src/stm32wbaxx_hal_gpio.c:168:6:HAL_GPIO_Init	48	static
D:/241161/dnes3/Zigbee_TempMeas_Server_Router/Drivers/STM32WBAxx_HAL_Driver/Src/stm32wbaxx_hal_gpio.c:296:6:HAL_GPIO_DeInit	40	static
D:/241161/dnes3/Zigbee_TempMeas_Server_Router/Drivers/STM32WBAxx_HAL_Driver/Src/stm32wbaxx_hal_gpio.c:377:15:HAL_GPIO_ReadPin	16	static
D:/241161/dnes3/Zigbee_TempMeas_Server_Router/Drivers/STM32WBAxx_HAL_Driver/Src/stm32wbaxx_hal_gpio.c:409:6:HAL_GPIO_WritePin	16	static
D:/241161/dnes3/Zigbee_TempMeas_Server_Router/Drivers/STM32WBAxx_HAL_Driver/Src/stm32wbaxx_hal_gpio.c:437:6:HAL_GPIO_WriteMultipleStatePin	16	static
D:/241161/dnes3/Zigbee_TempMeas_Server_Router/Drivers/STM32WBAxx_HAL_Driver/Src/stm32wbaxx_hal_gpio.c:457:6:HAL_GPIO_TogglePin	16	static
D:/241161/dnes3/Zigbee_TempMeas_Server_Router/Drivers/STM32WBAxx_HAL_Driver/Src/stm32wbaxx_hal_gpio.c:482:19:HAL_GPIO_LockPin	24	static
D:/241161/dnes3/Zigbee_TempMeas_Server_Router/Drivers/STM32WBAxx_HAL_Driver/Src/stm32wbaxx_hal_gpio.c:582:13:HAL_GPIO_EXTI_Rising_Callback	0	static
D:/241161/dnes3/Zigbee_TempMeas_Server_Router/Drivers/STM32WBAxx_HAL_Driver/Src/stm32wbaxx_hal_gpio.c:597:13:HAL_GPIO_EXTI_Falling_Callback	0	static
D:/241161/dnes3/Zigbee_TempMeas_Server_Router/Drivers/STM32WBAxx_HAL_Driver/Src/stm32wbaxx_hal_gpio.c:561:6:HAL_GPIO_EXTI_IRQHandler	8	static
