D:/241161/dnes3/Zigbee_TempMeas_Server_Router/Drivers/STM32WBAxx_HAL_Driver/Src/stm32wbaxx_hal_uart.c:679:13:HAL_UART_MspInit	0	static
D:/241161/dnes3/Zigbee_TempMeas_Server_Router/Drivers/STM32WBAxx_HAL_Driver/Src/stm32wbaxx_hal_uart.c:2756:13:HAL_UARTEx_RxEventCallback	0	static
D:/241161/dnes3/Zigbee_TempMeas_Server_Router/Drivers/STM32WBAxx_HAL_Driver/Src/stm32wbaxx_hal_uart.c:3745:13:UART_DMATransmitCplt	0	static,ignoring_inline_asm
D:/241161/dnes3/Zigbee_TempMeas_Server_Router/Drivers/STM32WBAxx_HAL_Driver/Src/stm32wbaxx_hal_uart.c:3779:13:UART_DMATxHalfCplt	0	static
D:/241161/dnes3/Zigbee_TempMeas_Server_Router/Drivers/STM32WBAxx_HAL_Driver/Src/stm32wbaxx_hal_uart.c:3797:13:UART_DMAReceiveCplt	4	static,ignoring_inline_asm
D:/241161/dnes3/Zigbee_TempMeas_Server_Router/Drivers/STM32WBAxx_HAL_Driver/Src/stm32wbaxx_hal_uart.c:3870:13:UART_DMARxHalfCplt	0	static
D:/241161/dnes3/Zigbee_TempMeas_Server_Router/Drivers/STM32WBAxx_HAL_Driver/Src/stm32wbaxx_hal_uart.c:3956:13:UART_DMAAbortOnError	0	static
D:/241161/dnes3/Zigbee_TempMeas_Server_Router/Drivers/STM32WBAxx_HAL_Driver/Src/stm32wbaxx_hal_uart.c:3977:13:UART_DMATxAbortCallback	4	static
D:/241161/dnes3/Zigbee_TempMeas_Server_Router/Drivers/STM32WBAxx_HAL_Driver/Src/stm32wbaxx_hal_uart.c:4028:13:UART_DMARxAbortCallback	8	static
D:/241161/dnes3/Zigbee_TempMeas_Server_Router/Drivers/STM32WBAxx_HAL_Driver/Src/stm32wbaxx_hal_uart.c:4076:13:UART_DMATxOnlyAbortCallback	0	static
D:/241161/dnes3/Zigbee_TempMeas_Server_Router/Drivers/STM32WBAxx_HAL_Driver/Src/stm32wbaxx_hal_uart.c:4107:13:UART_DMARxOnlyAbortCallback	4	static
D:/241161/dnes3/Zigbee_TempMeas_Server_Router/Drivers/STM32WBAxx_HAL_Driver/Src/stm32wbaxx_hal_uart.c:4490:13:UART_RxISR_8BIT_FIFOEN	40	static,ignoring_inline_asm
D:/241161/dnes3/Zigbee_TempMeas_Server_Router/Drivers/STM32WBAxx_HAL_Driver/Src/stm32wbaxx_hal_uart.c:4653:13:UART_RxISR_16BIT_FIFOEN	40	static,ignoring_inline_asm
D:/241161/dnes3/Zigbee_TempMeas_Server_Router/Drivers/STM32WBAxx_HAL_Driver/Src/stm32wbaxx_hal_uart.c:4168:13:UART_TxISR_16BIT	0	static,ignoring_inline_asm
D:/241161/dnes3/Zigbee_TempMeas_Server_Router/Drivers/STM32WBAxx_HAL_Driver/Src/stm32wbaxx_hal_uart.c:4240:13:UART_TxISR_16BIT_FIFOEN	4	static,ignoring_inline_asm
D:/241161/dnes3/Zigbee_TempMeas_Server_Router/Drivers/STM32WBAxx_HAL_Driver/Src/stm32wbaxx_hal_uart.c:4306:13:UART_RxISR_8BIT.part.0	4	static,ignoring_inline_asm
D:/241161/dnes3/Zigbee_TempMeas_Server_Router/Drivers/STM32WBAxx_HAL_Driver/Src/stm32wbaxx_hal_uart.c:4306:13:UART_RxISR_8BIT	0	static
D:/241161/dnes3/Zigbee_TempMeas_Server_Router/Drivers/STM32WBAxx_HAL_Driver/Src/stm32wbaxx_hal_uart.c:4397:13:UART_RxISR_16BIT	4	static
D:/241161/dnes3/Zigbee_TempMeas_Server_Router/Drivers/STM32WBAxx_HAL_Driver/Src/stm32wbaxx_hal_uart.c:2739:13:HAL_UART_AbortReceiveCpltCallback	0	static
D:/241161/dnes3/Zigbee_TempMeas_Server_Router/Drivers/STM32WBAxx_HAL_Driver/Src/stm32wbaxx_hal_uart.c:694:13:HAL_UART_MspDeInit	0	static
D:/241161/dnes3/Zigbee_TempMeas_Server_Router/Drivers/STM32WBAxx_HAL_Driver/Src/stm32wbaxx_hal_uart.c:2634:13:HAL_UART_TxCpltCallback	0	static
D:/241161/dnes3/Zigbee_TempMeas_Server_Router/Drivers/STM32WBAxx_HAL_Driver/Src/stm32wbaxx_hal_uart.c:2649:13:HAL_UART_TxHalfCpltCallback	0	static
D:/241161/dnes3/Zigbee_TempMeas_Server_Router/Drivers/STM32WBAxx_HAL_Driver/Src/stm32wbaxx_hal_uart.c:2664:13:HAL_UART_RxCpltCallback	0	static
D:/241161/dnes3/Zigbee_TempMeas_Server_Router/Drivers/STM32WBAxx_HAL_Driver/Src/stm32wbaxx_hal_uart.c:2679:13:HAL_UART_RxHalfCpltCallback	0	static
D:/241161/dnes3/Zigbee_TempMeas_Server_Router/Drivers/STM32WBAxx_HAL_Driver/Src/stm32wbaxx_hal_uart.c:2694:13:HAL_UART_ErrorCallback	0	static
D:/241161/dnes3/Zigbee_TempMeas_Server_Router/Drivers/STM32WBAxx_HAL_Driver/Src/stm32wbaxx_hal_uart.c:2709:13:HAL_UART_AbortCpltCallback	0	static
D:/241161/dnes3/Zigbee_TempMeas_Server_Router/Drivers/STM32WBAxx_HAL_Driver/Src/stm32wbaxx_hal_uart.c:2724:13:HAL_UART_AbortTransmitCpltCallback	0	static
D:/241161/dnes3/Zigbee_TempMeas_Server_Router/Drivers/STM32WBAxx_HAL_Driver/Src/stm32wbaxx_hal_uart.c:4139:13:UART_TxISR_8BIT	0	static,ignoring_inline_asm
D:/241161/dnes3/Zigbee_TempMeas_Server_Router/Drivers/STM32WBAxx_HAL_Driver/Src/stm32wbaxx_hal_uart.c:4200:13:UART_TxISR_8BIT_FIFOEN	4	static,ignoring_inline_asm
D:/241161/dnes3/Zigbee_TempMeas_Server_Router/Drivers/STM32WBAxx_HAL_Driver/Src/stm32wbaxx_hal_uart.c:3918:13:UART_DMAError	4	static,ignoring_inline_asm
D:/241161/dnes3/Zigbee_TempMeas_Server_Router/Drivers/STM32WBAxx_HAL_Driver/Src/stm32wbaxx_hal_uart.c:634:19:HAL_UART_DeInit	8	static
D:/241161/dnes3/Zigbee_TempMeas_Server_Router/Drivers/STM32WBAxx_HAL_Driver/Src/stm32wbaxx_hal_uart.c:729:19:HAL_UART_RegisterCallback	0	static
D:/241161/dnes3/Zigbee_TempMeas_Server_Router/Drivers/STM32WBAxx_HAL_Driver/Src/stm32wbaxx_hal_uart.c:852:19:HAL_UART_UnRegisterCallback	0	static
D:/241161/dnes3/Zigbee_TempMeas_Server_Router/Drivers/STM32WBAxx_HAL_Driver/Src/stm32wbaxx_hal_uart.c:953:19:HAL_UART_RegisterRxEventCallback	0	static
D:/241161/dnes3/Zigbee_TempMeas_Server_Router/Drivers/STM32WBAxx_HAL_Driver/Src/stm32wbaxx_hal_uart.c:984:19:HAL_UART_UnRegisterRxEventCallback	0	static
D:/241161/dnes3/Zigbee_TempMeas_Server_Router/Drivers/STM32WBAxx_HAL_Driver/Src/stm32wbaxx_hal_uart.c:1108:19:HAL_UART_Transmit	32	static
D:/241161/dnes3/Zigbee_TempMeas_Server_Router/Drivers/STM32WBAxx_HAL_Driver/Src/stm32wbaxx_hal_uart.c:1206:19:HAL_UART_Receive	32	static,ignoring_inline_asm
D:/241161/dnes3/Zigbee_TempMeas_Server_Router/Drivers/STM32WBAxx_HAL_Driver/Src/stm32wbaxx_hal_uart.c:1298:19:HAL_UART_Transmit_IT	8	static,ignoring_inline_asm
D:/241161/dnes3/Zigbee_TempMeas_Server_Router/Drivers/STM32WBAxx_HAL_Driver/Src/stm32wbaxx_hal_uart.c:1366:19:HAL_UART_Receive_IT	8	static,ignoring_inline_asm
D:/241161/dnes3/Zigbee_TempMeas_Server_Router/Drivers/STM32WBAxx_HAL_Driver/Src/stm32wbaxx_hal_uart.c:1408:19:HAL_UART_Transmit_DMA	16	static,ignoring_inline_asm
D:/241161/dnes3/Zigbee_TempMeas_Server_Router/Drivers/STM32WBAxx_HAL_Driver/Src/stm32wbaxx_hal_uart.c:1553:19:HAL_UART_DMAPause	16	static,ignoring_inline_asm
D:/241161/dnes3/Zigbee_TempMeas_Server_Router/Drivers/STM32WBAxx_HAL_Driver/Src/stm32wbaxx_hal_uart.c:1615:19:HAL_UART_DMAResume	8	static,ignoring_inline_asm
D:/241161/dnes3/Zigbee_TempMeas_Server_Router/Drivers/STM32WBAxx_HAL_Driver/Src/stm32wbaxx_hal_uart.c:1664:19:HAL_UART_DMAStop	16	static,ignoring_inline_asm
D:/241161/dnes3/Zigbee_TempMeas_Server_Router/Drivers/STM32WBAxx_HAL_Driver/Src/stm32wbaxx_hal_uart.c:1740:19:HAL_UART_Abort	16	static,ignoring_inline_asm
D:/241161/dnes3/Zigbee_TempMeas_Server_Router/Drivers/STM32WBAxx_HAL_Driver/Src/stm32wbaxx_hal_uart.c:1841:19:HAL_UART_AbortTransmit	8	static,ignoring_inline_asm
D:/241161/dnes3/Zigbee_TempMeas_Server_Router/Drivers/STM32WBAxx_HAL_Driver/Src/stm32wbaxx_hal_uart.c:1899:19:HAL_UART_AbortReceive	16	static,ignoring_inline_asm
D:/241161/dnes3/Zigbee_TempMeas_Server_Router/Drivers/STM32WBAxx_HAL_Driver/Src/stm32wbaxx_hal_uart.c:1966:19:HAL_UART_Abort_IT	16	static,ignoring_inline_asm
D:/241161/dnes3/Zigbee_TempMeas_Server_Router/Drivers/STM32WBAxx_HAL_Driver/Src/stm32wbaxx_hal_uart.c:2117:19:HAL_UART_AbortTransmit_IT	8	static,ignoring_inline_asm
D:/241161/dnes3/Zigbee_TempMeas_Server_Router/Drivers/STM32WBAxx_HAL_Driver/Src/stm32wbaxx_hal_uart.c:2205:19:HAL_UART_AbortReceive_IT	16	static,ignoring_inline_asm
D:/241161/dnes3/Zigbee_TempMeas_Server_Router/Drivers/STM32WBAxx_HAL_Driver/Src/stm32wbaxx_hal_uart.c:2294:6:HAL_UART_IRQHandler	16	static,ignoring_inline_asm
D:/241161/dnes3/Zigbee_TempMeas_Server_Router/Drivers/STM32WBAxx_HAL_Driver/Src/stm32wbaxx_hal_uart.c:2804:6:HAL_UART_ReceiverTimeout_Config	16	static
D:/241161/dnes3/Zigbee_TempMeas_Server_Router/Drivers/STM32WBAxx_HAL_Driver/Src/stm32wbaxx_hal_uart.c:2819:19:HAL_UART_EnableReceiverTimeout	0	static
D:/241161/dnes3/Zigbee_TempMeas_Server_Router/Drivers/STM32WBAxx_HAL_Driver/Src/stm32wbaxx_hal_uart.c:2857:19:HAL_UART_DisableReceiverTimeout	0	static
D:/241161/dnes3/Zigbee_TempMeas_Server_Router/Drivers/STM32WBAxx_HAL_Driver/Src/stm32wbaxx_hal_uart.c:2935:6:HAL_MultiProcessor_EnterMuteMode	0	static
D:/241161/dnes3/Zigbee_TempMeas_Server_Router/Drivers/STM32WBAxx_HAL_Driver/Src/stm32wbaxx_hal_uart.c:2945:19:HAL_HalfDuplex_EnableTransmitter	0	static,ignoring_inline_asm
D:/241161/dnes3/Zigbee_TempMeas_Server_Router/Drivers/STM32WBAxx_HAL_Driver/Src/stm32wbaxx_hal_uart.c:2968:19:HAL_HalfDuplex_EnableReceiver	0	static,ignoring_inline_asm
D:/241161/dnes3/Zigbee_TempMeas_Server_Router/Drivers/STM32WBAxx_HAL_Driver/Src/stm32wbaxx_hal_uart.c:2992:19:HAL_LIN_SendBreak	16	static
D:/241161/dnes3/Zigbee_TempMeas_Server_Router/Drivers/STM32WBAxx_HAL_Driver/Src/stm32wbaxx_hal_uart.c:3037:23:HAL_UART_GetState	0	static
D:/241161/dnes3/Zigbee_TempMeas_Server_Router/Drivers/STM32WBAxx_HAL_Driver/Src/stm32wbaxx_hal_uart.c:3053:10:HAL_UART_GetError	0	static
D:/241161/dnes3/Zigbee_TempMeas_Server_Router/Drivers/STM32WBAxx_HAL_Driver/Src/stm32wbaxx_hal_uart.c:3075:6:UART_InitCallbacksToDefault	28	static
D:/241161/dnes3/Zigbee_TempMeas_Server_Router/Drivers/STM32WBAxx_HAL_Driver/Src/stm32wbaxx_hal_uart.c:3098:19:UART_SetConfig	16	static
D:/241161/dnes3/Zigbee_TempMeas_Server_Router/Drivers/STM32WBAxx_HAL_Driver/Src/stm32wbaxx_hal_uart.c:3319:6:UART_AdvFeatureConfig	8	static
D:/241161/dnes3/Zigbee_TempMeas_Server_Router/Drivers/STM32WBAxx_HAL_Driver/Src/stm32wbaxx_hal_uart.c:3395:19:UART_CheckIdleState	16	static,ignoring_inline_asm
D:/241161/dnes3/Zigbee_TempMeas_Server_Router/Drivers/STM32WBAxx_HAL_Driver/Src/stm32wbaxx_hal_uart.c:309:19:HAL_UART_Init	8	static
D:/241161/dnes3/Zigbee_TempMeas_Server_Router/Drivers/STM32WBAxx_HAL_Driver/Src/stm32wbaxx_hal_uart.c:384:19:HAL_HalfDuplex_Init	8	static
D:/241161/dnes3/Zigbee_TempMeas_Server_Router/Drivers/STM32WBAxx_HAL_Driver/Src/stm32wbaxx_hal_uart.c:459:19:HAL_LIN_Init	16	static
D:/241161/dnes3/Zigbee_TempMeas_Server_Router/Drivers/STM32WBAxx_HAL_Driver/Src/stm32wbaxx_hal_uart.c:558:19:HAL_MultiProcessor_Init	16	static
D:/241161/dnes3/Zigbee_TempMeas_Server_Router/Drivers/STM32WBAxx_HAL_Driver/Src/stm32wbaxx_hal_uart.c:2895:19:HAL_MultiProcessor_EnableMuteMode	0	static,ignoring_inline_asm
D:/241161/dnes3/Zigbee_TempMeas_Server_Router/Drivers/STM32WBAxx_HAL_Driver/Src/stm32wbaxx_hal_uart.c:2915:19:HAL_MultiProcessor_DisableMuteMode	0	static,ignoring_inline_asm
D:/241161/dnes3/Zigbee_TempMeas_Server_Router/Drivers/STM32WBAxx_HAL_Driver/Src/stm32wbaxx_hal_uart.c:3464:19:UART_WaitOnFlagUntilTimeout	40	static,ignoring_inline_asm
D:/241161/dnes3/Zigbee_TempMeas_Server_Router/Drivers/STM32WBAxx_HAL_Driver/Src/stm32wbaxx_hal_uart.c:3532:19:UART_Start_Receive_IT	8	static,ignoring_inline_asm
D:/241161/dnes3/Zigbee_TempMeas_Server_Router/Drivers/STM32WBAxx_HAL_Driver/Src/stm32wbaxx_hal_uart.c:3605:19:UART_Start_Receive_DMA	16	static,ignoring_inline_asm
D:/241161/dnes3/Zigbee_TempMeas_Server_Router/Drivers/STM32WBAxx_HAL_Driver/Src/stm32wbaxx_hal_uart.c:1517:19:HAL_UART_Receive_DMA	8	static,ignoring_inline_asm
