D:/241161/dnes3/Zigbee_TempMeas_Server_Router/Drivers/STM32WBAxx_HAL_Driver/Src/stm32wbaxx_hal_adc_ex.c:101:19:HAL_ADCEx_Calibration_Start	16	static
D:/241161/dnes3/Zigbee_TempMeas_Server_Router/Drivers/STM32WBAxx_HAL_Driver/Src/stm32wbaxx_hal_adc_ex.c:186:10:HAL_ADCEx_Calibration_GetValue	8	static
D:/241161/dnes3/Zigbee_TempMeas_Server_Router/Drivers/STM32WBAxx_HAL_Driver/Src/stm32wbaxx_hal_adc_ex.c:202:19:HAL_ADCEx_Calibration_SetValue	16	static
D:/241161/dnes3/Zigbee_TempMeas_Server_Router/Drivers/STM32WBAxx_HAL_Driver/Src/stm32wbaxx_hal_adc_ex.c:245:13:HAL_ADCEx_LevelOutOfWindow2Callback	0	static
D:/241161/dnes3/Zigbee_TempMeas_Server_Router/Drivers/STM32WBAxx_HAL_Driver/Src/stm32wbaxx_hal_adc_ex.c:260:13:HAL_ADCEx_LevelOutOfWindow3Callback	0	static
D:/241161/dnes3/Zigbee_TempMeas_Server_Router/Drivers/STM32WBAxx_HAL_Driver/Src/stm32wbaxx_hal_adc_ex.c:276:13:HAL_ADCEx_EndOfSamplingCallback	0	static
D:/241161/dnes3/Zigbee_TempMeas_Server_Router/Drivers/STM32WBAxx_HAL_Driver/Src/stm32wbaxx_hal_adc_ex.c:291:13:HAL_ADCEx_LDOReadyCallback	0	static
D:/241161/dnes3/Zigbee_TempMeas_Server_Router/Drivers/STM32WBAxx_HAL_Driver/Src/stm32wbaxx_hal_adc_ex.c:314:19:HAL_ADCEx_DisableVoltageRegulator	8	static
