D:/241161/dnes3/Zigbee_TempMeas_Server_Router/Drivers/STM32WBAxx_HAL_Driver/Src/stm32wbaxx_hal_exti.c:139:19:HAL_EXTI_SetConfigLine	24	static
D:/241161/dnes3/Zigbee_TempMeas_Server_Router/Drivers/STM32WBAxx_HAL_Driver/Src/stm32wbaxx_hal_exti.c:265:19:HAL_EXTI_GetConfigLine	24	static
D:/241161/dnes3/Zigbee_TempMeas_Server_Router/Drivers/STM32WBAxx_HAL_Driver/Src/stm32wbaxx_hal_exti.c:368:19:HAL_EXTI_ClearConfigLine	24	static
D:/241161/dnes3/Zigbee_TempMeas_Server_Router/Drivers/STM32WBAxx_HAL_Driver/Src/stm32wbaxx_hal_exti.c:438:19:HAL_EXTI_RegisterCallback	0	static
D:/241161/dnes3/Zigbee_TempMeas_Server_Router/Drivers/STM32WBAxx_HAL_Driver/Src/stm32wbaxx_hal_exti.c:473:19:HAL_EXTI_GetHandle	16	static
D:/241161/dnes3/Zigbee_TempMeas_Server_Router/Drivers/STM32WBAxx_HAL_Driver/Src/stm32wbaxx_hal_exti.c:513:6:HAL_EXTI_IRQHandler	16	static
D:/241161/dnes3/Zigbee_TempMeas_Server_Router/Drivers/STM32WBAxx_HAL_Driver/Src/stm32wbaxx_hal_exti.c:567:10:HAL_EXTI_GetPending	16	static
D:/241161/dnes3/Zigbee_TempMeas_Server_Router/Drivers/STM32WBAxx_HAL_Driver/Src/stm32wbaxx_hal_exti.c:611:6:HAL_EXTI_ClearPending	16	static
D:/241161/dnes3/Zigbee_TempMeas_Server_Router/Drivers/STM32WBAxx_HAL_Driver/Src/stm32wbaxx_hal_exti.c:647:6:HAL_EXTI_GenerateSWI	8	static
D:/241161/dnes3/Zigbee_TempMeas_Server_Router/Drivers/STM32WBAxx_HAL_Driver/Src/stm32wbaxx_hal_exti.c:699:6:HAL_EXTI_ConfigLineAttributes	16	static
D:/241161/dnes3/Zigbee_TempMeas_Server_Router/Drivers/STM32WBAxx_HAL_Driver/Src/stm32wbaxx_hal_exti.c:772:19:HAL_EXTI_GetConfigLineAttributes	16	static
