D:/241161/dnes3/Zigbee_TempMeas_Server_Router/Drivers/STM32WBAxx_HAL_Driver/Src/stm32wbaxx_hal_cortex.c:180:6:HAL_NVIC_SetPriorityGrouping	8	static
D:/241161/dnes3/Zigbee_TempMeas_Server_Router/Drivers/STM32WBAxx_HAL_Driver/Src/stm32wbaxx_hal_cortex.c:202:6:HAL_NVIC_SetPriority	24	static
D:/241161/dnes3/Zigbee_TempMeas_Server_Router/Drivers/STM32WBAxx_HAL_Driver/Src/stm32wbaxx_hal_cortex.c:224:6:HAL_NVIC_EnableIRQ	0	static,ignoring_inline_asm
D:/241161/dnes3/Zigbee_TempMeas_Server_Router/Drivers/STM32WBAxx_HAL_Driver/Src/stm32wbaxx_hal_cortex.c:240:6:HAL_NVIC_DisableIRQ	0	static,ignoring_inline_asm
D:/241161/dnes3/Zigbee_TempMeas_Server_Router/Drivers/STM32WBAxx_HAL_Driver/Src/stm32wbaxx_hal_cortex.c:253:6:HAL_NVIC_SystemReset	0	static,ignoring_inline_asm
D:/241161/dnes3/Zigbee_TempMeas_Server_Router/Drivers/STM32WBAxx_HAL_Driver/Src/stm32wbaxx_hal_cortex.c:266:10:HAL_SYSTICK_Config	0	static
D:/241161/dnes3/Zigbee_TempMeas_Server_Router/Drivers/STM32WBAxx_HAL_Driver/Src/stm32wbaxx_hal_cortex.c:310:10:HAL_NVIC_GetPriorityGrouping	0	static
D:/241161/dnes3/Zigbee_TempMeas_Server_Router/Drivers/STM32WBAxx_HAL_Driver/Src/stm32wbaxx_hal_cortex.c:337:6:HAL_NVIC_GetPriority	24	static
D:/241161/dnes3/Zigbee_TempMeas_Server_Router/Drivers/STM32WBAxx_HAL_Driver/Src/stm32wbaxx_hal_cortex.c:352:6:HAL_NVIC_SetPendingIRQ	0	static
D:/241161/dnes3/Zigbee_TempMeas_Server_Router/Drivers/STM32WBAxx_HAL_Driver/Src/stm32wbaxx_hal_cortex.c:367:10:HAL_NVIC_GetPendingIRQ	0	static
D:/241161/dnes3/Zigbee_TempMeas_Server_Router/Drivers/STM32WBAxx_HAL_Driver/Src/stm32wbaxx_hal_cortex.c:380:6:HAL_NVIC_ClearPendingIRQ	0	static
D:/241161/dnes3/Zigbee_TempMeas_Server_Router/Drivers/STM32WBAxx_HAL_Driver/Src/stm32wbaxx_hal_cortex.c:394:10:HAL_NVIC_GetActive	0	static
D:/241161/dnes3/Zigbee_TempMeas_Server_Router/Drivers/STM32WBAxx_HAL_Driver/Src/stm32wbaxx_hal_cortex.c:413:6:HAL_SYSTICK_CLKSourceConfig	0	static
D:/241161/dnes3/Zigbee_TempMeas_Server_Router/Drivers/STM32WBAxx_HAL_Driver/Src/stm32wbaxx_hal_cortex.c:462:10:HAL_SYSTICK_GetCLKSourceConfig	0	static
D:/241161/dnes3/Zigbee_TempMeas_Server_Router/Drivers/STM32WBAxx_HAL_Driver/Src/stm32wbaxx_hal_cortex.c:512:13:HAL_SYSTICK_Callback	0	static
D:/241161/dnes3/Zigbee_TempMeas_Server_Router/Drivers/STM32WBAxx_HAL_Driver/Src/stm32wbaxx_hal_cortex.c:503:6:HAL_SYSTICK_IRQHandler	8	static
D:/241161/dnes3/Zigbee_TempMeas_Server_Router/Drivers/STM32WBAxx_HAL_Driver/Src/stm32wbaxx_hal_cortex.c:530:6:HAL_MPU_Enable	0	static,ignoring_inline_asm
D:/241161/dnes3/Zigbee_TempMeas_Server_Router/Drivers/STM32WBAxx_HAL_Driver/Src/stm32wbaxx_hal_cortex.c:550:6:HAL_MPU_EnableRegion	8	static
D:/241161/dnes3/Zigbee_TempMeas_Server_Router/Drivers/STM32WBAxx_HAL_Driver/Src/stm32wbaxx_hal_cortex.c:610:6:HAL_MPU_Disable	0	static,ignoring_inline_asm
D:/241161/dnes3/Zigbee_TempMeas_Server_Router/Drivers/STM32WBAxx_HAL_Driver/Src/stm32wbaxx_hal_cortex.c:630:6:HAL_MPU_DisableRegion	8	static
D:/241161/dnes3/Zigbee_TempMeas_Server_Router/Drivers/STM32WBAxx_HAL_Driver/Src/stm32wbaxx_hal_cortex.c:682:6:HAL_MPU_ConfigRegion	8	static,ignoring_inline_asm
D:/241161/dnes3/Zigbee_TempMeas_Server_Router/Drivers/STM32WBAxx_HAL_Driver/Src/stm32wbaxx_hal_cortex.c:734:6:HAL_MPU_ConfigMemoryAttributes	16	static,ignoring_inline_asm
