D:/241161/dnes3/Zigbee_TempMeas_Server_Router/Drivers/STM32WBAxx_HAL_Driver/Src/stm32wbaxx_hal_rtc_ex.c:234:19:HAL_RTCEx_SetTimeStamp	16	static
D:/241161/dnes3/Zigbee_TempMeas_Server_Router/Drivers/STM32WBAxx_HAL_Driver/Src/stm32wbaxx_hal_rtc_ex.c:286:19:HAL_RTCEx_SetTimeStamp_IT	16	static
D:/241161/dnes3/Zigbee_TempMeas_Server_Router/Drivers/STM32WBAxx_HAL_Driver/Src/stm32wbaxx_hal_rtc_ex.c:328:19:HAL_RTCEx_DeactivateTimeStamp	0	static
D:/241161/dnes3/Zigbee_TempMeas_Server_Router/Drivers/STM32WBAxx_HAL_Driver/Src/stm32wbaxx_hal_rtc_ex.c:364:19:HAL_RTCEx_GetTimeStamp	32	static
D:/241161/dnes3/Zigbee_TempMeas_Server_Router/Drivers/STM32WBAxx_HAL_Driver/Src/stm32wbaxx_hal_rtc_ex.c:461:13:HAL_RTCEx_TimeStampEventCallback	0	static
D:/241161/dnes3/Zigbee_TempMeas_Server_Router/Drivers/STM32WBAxx_HAL_Driver/Src/stm32wbaxx_hal_rtc_ex.c:431:6:HAL_RTCEx_TimeStampIRQHandler	16	static
D:/241161/dnes3/Zigbee_TempMeas_Server_Router/Drivers/STM32WBAxx_HAL_Driver/Src/stm32wbaxx_hal_rtc_ex.c:477:19:HAL_RTCEx_PollForTimeStampEvent	16	static
D:/241161/dnes3/Zigbee_TempMeas_Server_Router/Drivers/STM32WBAxx_HAL_Driver/Src/stm32wbaxx_hal_rtc_ex.c:531:19:HAL_RTCEx_SetWakeUpTimer	24	static
D:/241161/dnes3/Zigbee_TempMeas_Server_Router/Drivers/STM32WBAxx_HAL_Driver/Src/stm32wbaxx_hal_rtc_ex.c:607:19:HAL_RTCEx_SetWakeUpTimer_IT	32	static
D:/241161/dnes3/Zigbee_TempMeas_Server_Router/Drivers/STM32WBAxx_HAL_Driver/Src/stm32wbaxx_hal_rtc_ex.c:682:19:HAL_RTCEx_DeactivateWakeUpTimer	0	static
D:/241161/dnes3/Zigbee_TempMeas_Server_Router/Drivers/STM32WBAxx_HAL_Driver/Src/stm32wbaxx_hal_rtc_ex.c:708:10:HAL_RTCEx_GetWakeUpTimer	0	static
D:/241161/dnes3/Zigbee_TempMeas_Server_Router/Drivers/STM32WBAxx_HAL_Driver/Src/stm32wbaxx_hal_rtc_ex.c:750:13:HAL_RTCEx_WakeUpTimerEventCallback	0	static
D:/241161/dnes3/Zigbee_TempMeas_Server_Router/Drivers/STM32WBAxx_HAL_Driver/Src/stm32wbaxx_hal_rtc_ex.c:722:6:HAL_RTCEx_WakeUpTimerIRQHandler	8	static
D:/241161/dnes3/Zigbee_TempMeas_Server_Router/Drivers/STM32WBAxx_HAL_Driver/Src/stm32wbaxx_hal_rtc_ex.c:766:19:HAL_RTCEx_PollForWakeUpTimerEvent	16	static
D:/241161/dnes3/Zigbee_TempMeas_Server_Router/Drivers/STM32WBAxx_HAL_Driver/Src/stm32wbaxx_hal_rtc_ex.c:848:19:HAL_RTCEx_SetSmoothCalib	32	static
D:/241161/dnes3/Zigbee_TempMeas_Server_Router/Drivers/STM32WBAxx_HAL_Driver/Src/stm32wbaxx_hal_rtc_ex.c:918:19:HAL_RTCEx_SetLowPowerCalib	16	static
D:/241161/dnes3/Zigbee_TempMeas_Server_Router/Drivers/STM32WBAxx_HAL_Driver/Src/stm32wbaxx_hal_rtc_ex.c:959:19:HAL_RTCEx_SetSynchroShift	24	static
D:/241161/dnes3/Zigbee_TempMeas_Server_Router/Drivers/STM32WBAxx_HAL_Driver/Src/stm32wbaxx_hal_rtc_ex.c:1065:19:HAL_RTCEx_SetCalibrationOutPut	16	static
D:/241161/dnes3/Zigbee_TempMeas_Server_Router/Drivers/STM32WBAxx_HAL_Driver/Src/stm32wbaxx_hal_rtc_ex.c:1096:19:HAL_RTCEx_DeactivateCalibrationOutPut	0	static
D:/241161/dnes3/Zigbee_TempMeas_Server_Router/Drivers/STM32WBAxx_HAL_Driver/Src/stm32wbaxx_hal_rtc_ex.c:1123:19:HAL_RTCEx_SetRefClock	16	static
D:/241161/dnes3/Zigbee_TempMeas_Server_Router/Drivers/STM32WBAxx_HAL_Driver/Src/stm32wbaxx_hal_rtc_ex.c:1167:19:HAL_RTCEx_DeactivateRefClock	16	static
D:/241161/dnes3/Zigbee_TempMeas_Server_Router/Drivers/STM32WBAxx_HAL_Driver/Src/stm32wbaxx_hal_rtc_ex.c:1214:19:HAL_RTCEx_EnableBypassShadow	0	static
D:/241161/dnes3/Zigbee_TempMeas_Server_Router/Drivers/STM32WBAxx_HAL_Driver/Src/stm32wbaxx_hal_rtc_ex.c:1241:19:HAL_RTCEx_DisableBypassShadow	0	static
D:/241161/dnes3/Zigbee_TempMeas_Server_Router/Drivers/STM32WBAxx_HAL_Driver/Src/stm32wbaxx_hal_rtc_ex.c:1269:19:HAL_RTCEx_MonotonicCounterIncrement	0	static
D:/241161/dnes3/Zigbee_TempMeas_Server_Router/Drivers/STM32WBAxx_HAL_Driver/Src/stm32wbaxx_hal_rtc_ex.c:1291:19:HAL_RTCEx_MonotonicCounterGet	0	static
D:/241161/dnes3/Zigbee_TempMeas_Server_Router/Drivers/STM32WBAxx_HAL_Driver/Src/stm32wbaxx_hal_rtc_ex.c:1309:19:HAL_RTCEx_SetSSRU_IT	0	static
D:/241161/dnes3/Zigbee_TempMeas_Server_Router/Drivers/STM32WBAxx_HAL_Driver/Src/stm32wbaxx_hal_rtc_ex.c:1334:19:HAL_RTCEx_DeactivateSSRU	0	static
D:/241161/dnes3/Zigbee_TempMeas_Server_Router/Drivers/STM32WBAxx_HAL_Driver/Src/stm32wbaxx_hal_rtc_ex.c:1390:13:HAL_RTCEx_SSRUEventCallback	0	static
D:/241161/dnes3/Zigbee_TempMeas_Server_Router/Drivers/STM32WBAxx_HAL_Driver/Src/stm32wbaxx_hal_rtc_ex.c:1359:6:HAL_RTCEx_SSRUIRQHandler	8	static
D:/241161/dnes3/Zigbee_TempMeas_Server_Router/Drivers/STM32WBAxx_HAL_Driver/Src/stm32wbaxx_hal_rtc_ex.c:1424:13:HAL_RTCEx_AlarmBEventCallback	0	static
D:/241161/dnes3/Zigbee_TempMeas_Server_Router/Drivers/STM32WBAxx_HAL_Driver/Src/stm32wbaxx_hal_rtc_ex.c:1440:19:HAL_RTCEx_PollForAlarmBEvent	16	static
D:/241161/dnes3/Zigbee_TempMeas_Server_Router/Drivers/STM32WBAxx_HAL_Driver/Src/stm32wbaxx_hal_rtc_ex.c:1510:19:HAL_RTCEx_SetTamper	16	static
D:/241161/dnes3/Zigbee_TempMeas_Server_Router/Drivers/STM32WBAxx_HAL_Driver/Src/stm32wbaxx_hal_rtc_ex.c:1581:19:HAL_RTCEx_SetTamper_IT	16	static
D:/241161/dnes3/Zigbee_TempMeas_Server_Router/Drivers/STM32WBAxx_HAL_Driver/Src/stm32wbaxx_hal_rtc_ex.c:1655:19:HAL_RTCEx_DeactivateTamper	8	static
D:/241161/dnes3/Zigbee_TempMeas_Server_Router/Drivers/STM32WBAxx_HAL_Driver/Src/stm32wbaxx_hal_rtc_ex.c:1684:19:HAL_RTCEx_SetActiveTampers	24	static
D:/241161/dnes3/Zigbee_TempMeas_Server_Router/Drivers/STM32WBAxx_HAL_Driver/Src/stm32wbaxx_hal_rtc_ex.c:1810:19:HAL_RTCEx_SetActiveSeed	16	static
D:/241161/dnes3/Zigbee_TempMeas_Server_Router/Drivers/STM32WBAxx_HAL_Driver/Src/stm32wbaxx_hal_rtc_ex.c:1858:19:HAL_RTCEx_LockBootHardwareKey	0	static
D:/241161/dnes3/Zigbee_TempMeas_Server_Router/Drivers/STM32WBAxx_HAL_Driver/Src/stm32wbaxx_hal_rtc_ex.c:1874:19:HAL_RTCEx_DeactivateActiveTampers	8	static
D:/241161/dnes3/Zigbee_TempMeas_Server_Router/Drivers/STM32WBAxx_HAL_Driver/Src/stm32wbaxx_hal_rtc_ex.c:1919:19:HAL_RTCEx_PollForTamperEvent	24	static
D:/241161/dnes3/Zigbee_TempMeas_Server_Router/Drivers/STM32WBAxx_HAL_Driver/Src/stm32wbaxx_hal_rtc_ex.c:1961:19:HAL_RTCEx_SetInternalTamper	8	static
D:/241161/dnes3/Zigbee_TempMeas_Server_Router/Drivers/STM32WBAxx_HAL_Driver/Src/stm32wbaxx_hal_rtc_ex.c:2001:19:HAL_RTCEx_SetInternalTamper_IT	8	static
D:/241161/dnes3/Zigbee_TempMeas_Server_Router/Drivers/STM32WBAxx_HAL_Driver/Src/stm32wbaxx_hal_rtc_ex.c:2044:19:HAL_RTCEx_DeactivateInternalTamper	8	static
D:/241161/dnes3/Zigbee_TempMeas_Server_Router/Drivers/STM32WBAxx_HAL_Driver/Src/stm32wbaxx_hal_rtc_ex.c:2071:19:HAL_RTCEx_PollForInternalTamperEvent	24	static
D:/241161/dnes3/Zigbee_TempMeas_Server_Router/Drivers/STM32WBAxx_HAL_Driver/Src/stm32wbaxx_hal_rtc_ex.c:2316:13:HAL_RTCEx_Tamper1EventCallback	0	static
D:/241161/dnes3/Zigbee_TempMeas_Server_Router/Drivers/STM32WBAxx_HAL_Driver/Src/stm32wbaxx_hal_rtc_ex.c:2331:13:HAL_RTCEx_Tamper2EventCallback	0	static
D:/241161/dnes3/Zigbee_TempMeas_Server_Router/Drivers/STM32WBAxx_HAL_Driver/Src/stm32wbaxx_hal_rtc_ex.c:2346:13:HAL_RTCEx_Tamper3EventCallback	0	static
D:/241161/dnes3/Zigbee_TempMeas_Server_Router/Drivers/STM32WBAxx_HAL_Driver/Src/stm32wbaxx_hal_rtc_ex.c:2361:13:HAL_RTCEx_Tamper4EventCallback	0	static
D:/241161/dnes3/Zigbee_TempMeas_Server_Router/Drivers/STM32WBAxx_HAL_Driver/Src/stm32wbaxx_hal_rtc_ex.c:2376:13:HAL_RTCEx_Tamper5EventCallback	0	static
D:/241161/dnes3/Zigbee_TempMeas_Server_Router/Drivers/STM32WBAxx_HAL_Driver/Src/stm32wbaxx_hal_rtc_ex.c:2391:13:HAL_RTCEx_Tamper6EventCallback	0	static
D:/241161/dnes3/Zigbee_TempMeas_Server_Router/Drivers/STM32WBAxx_HAL_Driver/Src/stm32wbaxx_hal_rtc_ex.c:2406:13:HAL_RTCEx_InternalTamper3EventCallback	0	static
D:/241161/dnes3/Zigbee_TempMeas_Server_Router/Drivers/STM32WBAxx_HAL_Driver/Src/stm32wbaxx_hal_rtc_ex.c:2421:13:HAL_RTCEx_InternalTamper5EventCallback	0	static
D:/241161/dnes3/Zigbee_TempMeas_Server_Router/Drivers/STM32WBAxx_HAL_Driver/Src/stm32wbaxx_hal_rtc_ex.c:2436:13:HAL_RTCEx_InternalTamper6EventCallback	0	static
D:/241161/dnes3/Zigbee_TempMeas_Server_Router/Drivers/STM32WBAxx_HAL_Driver/Src/stm32wbaxx_hal_rtc_ex.c:2451:13:HAL_RTCEx_InternalTamper7EventCallback	0	static
D:/241161/dnes3/Zigbee_TempMeas_Server_Router/Drivers/STM32WBAxx_HAL_Driver/Src/stm32wbaxx_hal_rtc_ex.c:2466:13:HAL_RTCEx_InternalTamper8EventCallback	0	static
D:/241161/dnes3/Zigbee_TempMeas_Server_Router/Drivers/STM32WBAxx_HAL_Driver/Src/stm32wbaxx_hal_rtc_ex.c:2481:13:HAL_RTCEx_InternalTamper9EventCallback	0	static
D:/241161/dnes3/Zigbee_TempMeas_Server_Router/Drivers/STM32WBAxx_HAL_Driver/Src/stm32wbaxx_hal_rtc_ex.c:2496:13:HAL_RTCEx_InternalTamper11EventCallback	0	static
D:/241161/dnes3/Zigbee_TempMeas_Server_Router/Drivers/STM32WBAxx_HAL_Driver/Src/stm32wbaxx_hal_rtc_ex.c:2511:13:HAL_RTCEx_InternalTamper12EventCallback	0	static
D:/241161/dnes3/Zigbee_TempMeas_Server_Router/Drivers/STM32WBAxx_HAL_Driver/Src/stm32wbaxx_hal_rtc_ex.c:2526:13:HAL_RTCEx_InternalTamper13EventCallback	0	static
D:/241161/dnes3/Zigbee_TempMeas_Server_Router/Drivers/STM32WBAxx_HAL_Driver/Src/stm32wbaxx_hal_rtc_ex.c:2112:6:HAL_RTCEx_TamperIRQHandler	16	static
D:/241161/dnes3/Zigbee_TempMeas_Server_Router/Drivers/STM32WBAxx_HAL_Driver/Src/stm32wbaxx_hal_rtc_ex.c:2568:6:HAL_RTCEx_BKUPWrite	16	static
D:/241161/dnes3/Zigbee_TempMeas_Server_Router/Drivers/STM32WBAxx_HAL_Driver/Src/stm32wbaxx_hal_rtc_ex.c:2594:10:HAL_RTCEx_BKUPRead	8	static
D:/241161/dnes3/Zigbee_TempMeas_Server_Router/Drivers/STM32WBAxx_HAL_Driver/Src/stm32wbaxx_hal_rtc_ex.c:2617:7:HAL_RTCEx_BKUPErase	0	static
D:/241161/dnes3/Zigbee_TempMeas_Server_Router/Drivers/STM32WBAxx_HAL_Driver/Src/stm32wbaxx_hal_rtc_ex.c:2630:7:HAL_RTCEx_BKUPBlock	0	static
D:/241161/dnes3/Zigbee_TempMeas_Server_Router/Drivers/STM32WBAxx_HAL_Driver/Src/stm32wbaxx_hal_rtc_ex.c:2643:7:HAL_RTCEx_BKUPUnblock	0	static
D:/241161/dnes3/Zigbee_TempMeas_Server_Router/Drivers/STM32WBAxx_HAL_Driver/Src/stm32wbaxx_hal_rtc_ex.c:2668:7:HAL_RTCEx_ConfigEraseDeviceSecrets	0	static
D:/241161/dnes3/Zigbee_TempMeas_Server_Router/Drivers/STM32WBAxx_HAL_Driver/Src/stm32wbaxx_hal_rtc_ex.c:2707:19:HAL_RTCEx_SecureModeGet	16	static
D:/241161/dnes3/Zigbee_TempMeas_Server_Router/Drivers/STM32WBAxx_HAL_Driver/Src/stm32wbaxx_hal_rtc_ex.c:2801:19:HAL_RTCEx_PrivilegeModeSet	8	static
D:/241161/dnes3/Zigbee_TempMeas_Server_Router/Drivers/STM32WBAxx_HAL_Driver/Src/stm32wbaxx_hal_rtc_ex.c:2845:19:HAL_RTCEx_PrivilegeModeGet	16	static
