D:/241161/dnes3/Zigbee_TempMeas_Server_Router/STM32_WPAN/App/app_zigbee_endpoint.c:313:13:APP_ZIGBEE_TimerUpdateCallback	0	static
D:/241161/dnes3/Zigbee_TempMeas_Server_Router/STM32_WPAN/App/app_zigbee_endpoint.c:338:13:APP_ZIGBEE_TempMeasAttributeUpdate	32	static
D:/241161/dnes3/Zigbee_TempMeas_Server_Router/STM32_WPAN/App/app_zigbee_endpoint.c:146:6:APP_ZIGBEE_ApplicationInit	16	static
D:/241161/dnes3/Zigbee_TempMeas_Server_Router/STM32_WPAN/App/app_zigbee_endpoint.c:168:6:APP_ZIGBEE_ApplicationStart	8	static
D:/241161/dnes3/Zigbee_TempMeas_Server_Router/STM32_WPAN/App/app_zigbee_endpoint.c:190:6:APP_ZIGBEE_ConfigEndpoints	56	static
D:/241161/dnes3/Zigbee_TempMeas_Server_Router/STM32_WPAN/App/app_zigbee_endpoint.c:239:6:APP_ZIGBEE_ConfigGroupAddr	24	static
D:/241161/dnes3/Zigbee_TempMeas_Server_Router/STM32_WPAN/App/app_zigbee_endpoint.c:253:6:APP_ZIGBEE_GetStartupConfig	16	static
D:/241161/dnes3/Zigbee_TempMeas_Server_Router/STM32_WPAN/App/app_zigbee_endpoint.c:271:6:APP_ZIGBEE_SetNewDevice	32	static
D:/241161/dnes3/Zigbee_TempMeas_Server_Router/STM32_WPAN/App/app_zigbee_endpoint.c:276:6:APP_ZIGBEE_PrintApplicationInfo	24	static
D:/241161/dnes3/Zigbee_TempMeas_Server_Router/STM32_WPAN/App/app_zigbee_endpoint.c:303:6:APP_BSP_Button1Action	0	static
D:/241161/dnes3/Zigbee_TempMeas_Server_Router/STM32_WPAN/App/app_zigbee_endpoint.c:308:6:APP_BSP_Button2Action	0	static
