D:/241161/dnes3/Zigbee_TempMeas_Server_Router/STM32_WPAN/App/app_zigbee.c:287:13:APP_ZIGBEE_BlinckLedTimerCallback	0	static
D:/241161/dnes3/Zigbee_TempMeas_Server_Router/STM32_WPAN/App/app_zigbee.c:260:6:APP_ZIGBEE_ZbRestartJoinTimerCallback	0	static
D:/241161/dnes3/Zigbee_TempMeas_Server_Router/STM32_WPAN/App/app_zigbee.c:229:13:APP_ZIGBEE_ZbCallbackTimeOutTimerCallback	0	static
D:/241161/dnes3/Zigbee_TempMeas_Server_Router/STM32_WPAN/App/app_zigbee.c:617:13:APP_ZIGBEE_Printf	0	static
D:/241161/dnes3/Zigbee_TempMeas_Server_Router/STM32_WPAN/App/app_zigbee.c:245:13:APP_ZIGBEE_ZbStartupCallback	8	static
D:/241161/dnes3/Zigbee_TempMeas_Server_Router/STM32_WPAN/App/app_zigbee.c:441:13:APP_ZIGBEE_ZbZdoPermitJoinReqCallback	0	static
D:/241161/dnes3/Zigbee_TempMeas_Server_Router/STM32_WPAN/App/app_zigbee.c:403:30:APP_ZIGBEE_DeviceJointCallback	16	static
D:/241161/dnes3/Zigbee_TempMeas_Server_Router/STM32_WPAN/App/app_zigbee.c:301:6:APP_ZIGBEE_NwkFormOrJoin	568	static
D:/241161/dnes3/Zigbee_TempMeas_Server_Router/STM32_WPAN/App/app_zigbee.c:111:6:APP_ZIGBEE_NwkFormOrJoinTaskInit	16	static
D:/241161/dnes3/Zigbee_TempMeas_Server_Router/STM32_WPAN/App/app_zigbee.c:175:6:APP_ZIGBEE_StackLayersInit	40	static
D:/241161/dnes3/Zigbee_TempMeas_Server_Router/STM32_WPAN/App/app_zigbee.c:460:6:APP_ZIGBEE_PermitJoin	88	static
D:/241161/dnes3/Zigbee_TempMeas_Server_Router/STM32_WPAN/App/app_zigbee.c:483:6:APP_ZIGBEE_IsAppliJoinNetwork	16	static
D:/241161/dnes3/Zigbee_TempMeas_Server_Router/STM32_WPAN/App/app_zigbee.c:505:6:APP_ZIGBEE_GetCurrentChannel	136	static
D:/241161/dnes3/Zigbee_TempMeas_Server_Router/STM32_WPAN/App/app_zigbee.c:547:6:APP_ZIGBEE_SetTxPower	0	static
D:/241161/dnes3/Zigbee_TempMeas_Server_Router/STM32_WPAN/App/app_zigbee.c:558:8:APP_ZIGBEE_GetDisplaySecKey	24	static
D:/241161/dnes3/Zigbee_TempMeas_Server_Router/STM32_WPAN/App/app_zigbee.c:590:6:APP_ZIGBEE_PrintGenericInfo	32	static
D:/241161/dnes3/Zigbee_TempMeas_Server_Router/STM32_WPAN/App/app_zigbee.c:633:6:APP_ZIGBEE_Error	16	static
D:/241161/dnes3/Zigbee_TempMeas_Server_Router/STM32_WPAN/App/app_zigbee.c:675:6:APP_ZIGBEE_SerialCommandInstallCode	144	static
