D:/241161/dnes3/Zigbee_TempMeas_Server_Router/STM32_WPAN/App/app_zigbee_utility.c:60:13:AppZbUtil_WaitReceiveCallbackTimeOutCallback	0	static
D:/241161/dnes3/Zigbee_TempMeas_Server_Router/STM32_WPAN/App/app_zigbee_utility.c:364:13:AppZbUtil_RequestBindWithDeviceCallback	8	static
D:/241161/dnes3/Zigbee_TempMeas_Server_Router/STM32_WPAN/App/app_zigbee_utility.c:93:13:AppZbUtil_RequestNwkAddressCallback	32	static
D:/241161/dnes3/Zigbee_TempMeas_Server_Router/STM32_WPAN/App/app_zigbee_utility.c:167:13:AppZbUtil_RequestExtendedAddressCallback	32	static
D:/241161/dnes3/Zigbee_TempMeas_Server_Router/STM32_WPAN/App/app_zigbee_utility.c:243:13:AppZbUtil_RequestMatchDescriptionCallback	32	static
D:/241161/dnes3/Zigbee_TempMeas_Server_Router/STM32_WPAN/App/app_zigbee_utility.c:131:6:AppZbUtil_RequestNwkAddress	80	static
D:/241161/dnes3/Zigbee_TempMeas_Server_Router/STM32_WPAN/App/app_zigbee_utility.c:205:6:AppZbUtil_RequestExtendedAddress	64	static
D:/241161/dnes3/Zigbee_TempMeas_Server_Router/STM32_WPAN/App/app_zigbee_utility.c:301:6:AppZbUtil_RequestMatchDescription	144	static
D:/241161/dnes3/Zigbee_TempMeas_Server_Router/STM32_WPAN/App/app_zigbee_utility.c:382:6:AppZbUtil_RequestBindWithDevice	112	static
D:/241161/dnes3/Zigbee_TempMeas_Server_Router/STM32_WPAN/App/app_zigbee_utility.c:434:6:AppZbUtil_RequestMyBind	120	static
D:/241161/dnes3/Zigbee_TempMeas_Server_Router/STM32_WPAN/App/app_zigbee_utility.c:480:10:AppZbUtil_DisplayBindingTable	96	static
D:/241161/dnes3/Zigbee_TempMeas_Server_Router/STM32_WPAN/App/app_zigbee_utility.c:542:10:AppZbUtil_SearchServersOnBindingTable	80	static
D:/241161/dnes3/Zigbee_TempMeas_Server_Router/STM32_WPAN/App/app_zigbee_utility.c:592:6:AppZbUtil_AddDeviceWithInstallCode	104	static
