D:/241161/dnes3/Zigbee_TempMeas_Server_Router/Projects/Common/WPAN/Interfaces/hw_rng.c:30:12:RNG_MutexTake	0	static
D:/241161/dnes3/Zigbee_TempMeas_Server_Router/Projects/Common/WPAN/Interfaces/hw_rng.c:35:12:RNG_MutexRelease	0	static
D:/241161/dnes3/Zigbee_TempMeas_Server_Router/Projects/Common/WPAN/Interfaces/hw_rng.c:42:13:RNG_KERNEL_CLK_ON	0	static
D:/241161/dnes3/Zigbee_TempMeas_Server_Router/Projects/Common/WPAN/Interfaces/hw_rng.c:54:13:RNG_KERNEL_CLK_OFF	0	static
D:/241161/dnes3/Zigbee_TempMeas_Server_Router/Projects/Common/WPAN/Interfaces/hw_rng.c:179:12:HW_RNG_Run.constprop	24	static,ignoring_inline_asm
D:/241161/dnes3/Zigbee_TempMeas_Server_Router/Projects/Common/WPAN/Interfaces/hw_rng.c:84:6:HW_RNG_Disable	16	static,ignoring_inline_asm
D:/241161/dnes3/Zigbee_TempMeas_Server_Router/Projects/Common/WPAN/Interfaces/hw_rng.c:98:6:HW_RNG_EnableClock	24	static,ignoring_inline_asm
D:/241161/dnes3/Zigbee_TempMeas_Server_Router/Projects/Common/WPAN/Interfaces/hw_rng.c:118:6:HW_RNG_DisableClock	16	static,ignoring_inline_asm
D:/241161/dnes3/Zigbee_TempMeas_Server_Router/Projects/Common/WPAN/Interfaces/hw_rng.c:234:6:HW_RNG_Start	8	static
D:/241161/dnes3/Zigbee_TempMeas_Server_Router/Projects/Common/WPAN/Interfaces/hw_rng.c:264:6:HW_RNG_Get	12	static,ignoring_inline_asm
D:/241161/dnes3/Zigbee_TempMeas_Server_Router/Projects/Common/WPAN/Interfaces/hw_rng.c:345:6:HW_RNG_Init	16	static
D:/241161/dnes3/Zigbee_TempMeas_Server_Router/Projects/Common/WPAN/Interfaces/hw_rng.c:294:5:HW_RNG_Process	16	static,ignoring_inline_asm
D:/241161/dnes3/Zigbee_TempMeas_Server_Router/Projects/Common/WPAN/Interfaces/hw_rng.c:382:6:HW_RNG_SetPoolThreshold	0	static
