D:/240233/Zigbee_TempMeas_Server_Router/Drivers/STM32WBAxx_HAL_Driver/Src/stm32wbaxx_hal_uart_ex.c:166:19:HAL_RS485Ex_Init	24	static
D:/240233/Zigbee_TempMeas_Server_Router/Drivers/STM32WBAxx_HAL_Driver/Src/stm32wbaxx_hal_uart_ex.c:270:13:HAL_UARTEx_RxFifoFullCallback	0	static
D:/240233/Zigbee_TempMeas_Server_Router/Drivers/STM32WBAxx_HAL_Driver/Src/stm32wbaxx_hal_uart_ex.c:285:13:HAL_UARTEx_TxFifoEmptyCallback	0	static
D:/240233/Zigbee_TempMeas_Server_Router/Drivers/STM32WBAxx_HAL_Driver/Src/stm32wbaxx_hal_uart_ex.c:370:19:HAL_MultiProcessorEx_AddressLength_Set	16	static
D:/240233/Zigbee_TempMeas_Server_Router/Drivers/STM32WBAxx_HAL_Driver/Src/stm32wbaxx_hal_uart_ex.c:407:19:HAL_UARTEx_StopModeWakeUpSourceConfig	32	static
D:/240233/Zigbee_TempMeas_Server_Router/Drivers/STM32WBAxx_HAL_Driver/Src/stm32wbaxx_hal_uart_ex.c:460:19:HAL_UARTEx_EnableStopMode	0	static,ignoring_inline_asm
D:/240233/Zigbee_TempMeas_Server_Router/Drivers/STM32WBAxx_HAL_Driver/Src/stm32wbaxx_hal_uart_ex.c:479:19:HAL_UARTEx_DisableStopMode	0	static,ignoring_inline_asm
D:/240233/Zigbee_TempMeas_Server_Router/Drivers/STM32WBAxx_HAL_Driver/Src/stm32wbaxx_hal_uart_ex.c:498:19:HAL_UARTEx_EnableFifoMode	24	static
D:/240233/Zigbee_TempMeas_Server_Router/Drivers/STM32WBAxx_HAL_Driver/Src/stm32wbaxx_hal_uart_ex.c:539:19:HAL_UARTEx_DisableFifoMode	16	static
D:/240233/Zigbee_TempMeas_Server_Router/Drivers/STM32WBAxx_HAL_Driver/Src/stm32wbaxx_hal_uart_ex.c:585:19:HAL_UARTEx_SetTxFifoThreshold	16	static
D:/240233/Zigbee_TempMeas_Server_Router/Drivers/STM32WBAxx_HAL_Driver/Src/stm32wbaxx_hal_uart_ex.c:634:19:HAL_UARTEx_SetRxFifoThreshold	16	static
D:/240233/Zigbee_TempMeas_Server_Router/Drivers/STM32WBAxx_HAL_Driver/Src/stm32wbaxx_hal_uart_ex.c:691:19:HAL_UARTEx_ReceiveToIdle	40	static
D:/240233/Zigbee_TempMeas_Server_Router/Drivers/STM32WBAxx_HAL_Driver/Src/stm32wbaxx_hal_uart_ex.c:814:19:HAL_UARTEx_ReceiveToIdle_IT	16	static,ignoring_inline_asm
D:/240233/Zigbee_TempMeas_Server_Router/Drivers/STM32WBAxx_HAL_Driver/Src/stm32wbaxx_hal_uart_ex.c:872:19:HAL_UARTEx_ReceiveToIdle_DMA	16	static,ignoring_inline_asm
D:/240233/Zigbee_TempMeas_Server_Router/Drivers/STM32WBAxx_HAL_Driver/Src/stm32wbaxx_hal_uart_ex.c:939:29:HAL_UARTEx_GetRxEventType	0	static
D:/240233/Zigbee_TempMeas_Server_Router/Drivers/STM32WBAxx_HAL_Driver/Src/stm32wbaxx_hal_uart_ex.c:951:19:HAL_UARTEx_SetConfigAutonomousMode	24	static
D:/240233/Zigbee_TempMeas_Server_Router/Drivers/STM32WBAxx_HAL_Driver/Src/stm32wbaxx_hal_uart_ex.c:1014:19:HAL_UARTEx_GetConfigAutonomousMode	8	static
D:/240233/Zigbee_TempMeas_Server_Router/Drivers/STM32WBAxx_HAL_Driver/Src/stm32wbaxx_hal_uart_ex.c:1037:19:HAL_UARTEx_ClearConfigAutonomousMode	4	static
