D:/240233/Zigbee_TempMeas_Server_Router/Drivers/STM32WBAxx_HAL_Driver/Src/stm32wbaxx_hal.c:194:13:HAL_MspInit	0	static
D:/240233/Zigbee_TempMeas_Server_Router/Drivers/STM32WBAxx_HAL_Driver/Src/stm32wbaxx_hal.c:205:13:HAL_MspDeInit	0	static
D:/240233/Zigbee_TempMeas_Server_Router/Drivers/STM32WBAxx_HAL_Driver/Src/stm32wbaxx_hal.c:159:19:HAL_DeInit	8	static
D:/240233/Zigbee_TempMeas_Server_Router/Drivers/STM32WBAxx_HAL_Driver/Src/stm32wbaxx_hal.c:228:26:HAL_InitTick	16	static
D:/240233/Zigbee_TempMeas_Server_Router/Drivers/STM32WBAxx_HAL_Driver/Src/stm32wbaxx_hal.c:125:19:HAL_Init	8	static
D:/240233/Zigbee_TempMeas_Server_Router/Drivers/STM32WBAxx_HAL_Driver/Src/stm32wbaxx_hal.c:329:13:HAL_IncTick	0	static
D:/240233/Zigbee_TempMeas_Server_Router/Drivers/STM32WBAxx_HAL_Driver/Src/stm32wbaxx_hal.c:340:17:HAL_GetTick	0	static
D:/240233/Zigbee_TempMeas_Server_Router/Drivers/STM32WBAxx_HAL_Driver/Src/stm32wbaxx_hal.c:349:10:HAL_GetTickPrio	0	static
D:/240233/Zigbee_TempMeas_Server_Router/Drivers/STM32WBAxx_HAL_Driver/Src/stm32wbaxx_hal.c:359:19:HAL_SetTickFreq	16	static
D:/240233/Zigbee_TempMeas_Server_Router/Drivers/STM32WBAxx_HAL_Driver/Src/stm32wbaxx_hal.c:389:21:HAL_GetTickFreq	0	static
D:/240233/Zigbee_TempMeas_Server_Router/Drivers/STM32WBAxx_HAL_Driver/Src/stm32wbaxx_hal.c:405:13:HAL_Delay	16	static
D:/240233/Zigbee_TempMeas_Server_Router/Drivers/STM32WBAxx_HAL_Driver/Src/stm32wbaxx_hal.c:431:13:HAL_SuspendTick	0	static
D:/240233/Zigbee_TempMeas_Server_Router/Drivers/STM32WBAxx_HAL_Driver/Src/stm32wbaxx_hal.c:447:13:HAL_ResumeTick	0	static
D:/240233/Zigbee_TempMeas_Server_Router/Drivers/STM32WBAxx_HAL_Driver/Src/stm32wbaxx_hal.c:457:10:HAL_GetHalVersion	0	static
D:/240233/Zigbee_TempMeas_Server_Router/Drivers/STM32WBAxx_HAL_Driver/Src/stm32wbaxx_hal.c:466:10:HAL_GetREVID	0	static
D:/240233/Zigbee_TempMeas_Server_Router/Drivers/STM32WBAxx_HAL_Driver/Src/stm32wbaxx_hal.c:475:10:HAL_GetDEVID	0	static
D:/240233/Zigbee_TempMeas_Server_Router/Drivers/STM32WBAxx_HAL_Driver/Src/stm32wbaxx_hal.c:484:10:HAL_GetUIDw0	0	static
D:/240233/Zigbee_TempMeas_Server_Router/Drivers/STM32WBAxx_HAL_Driver/Src/stm32wbaxx_hal.c:493:10:HAL_GetUIDw1	0	static
D:/240233/Zigbee_TempMeas_Server_Router/Drivers/STM32WBAxx_HAL_Driver/Src/stm32wbaxx_hal.c:502:10:HAL_GetUIDw2	0	static
D:/240233/Zigbee_TempMeas_Server_Router/Drivers/STM32WBAxx_HAL_Driver/Src/stm32wbaxx_hal.c:529:6:HAL_DBGMCU_EnableDBGStopMode	0	static
D:/240233/Zigbee_TempMeas_Server_Router/Drivers/STM32WBAxx_HAL_Driver/Src/stm32wbaxx_hal.c:538:6:HAL_DBGMCU_DisableDBGStopMode	0	static
D:/240233/Zigbee_TempMeas_Server_Router/Drivers/STM32WBAxx_HAL_Driver/Src/stm32wbaxx_hal.c:547:6:HAL_DBGMCU_EnableDBGStandbyMode	0	static
D:/240233/Zigbee_TempMeas_Server_Router/Drivers/STM32WBAxx_HAL_Driver/Src/stm32wbaxx_hal.c:556:6:HAL_DBGMCU_DisableDBGStandbyMode	0	static
D:/240233/Zigbee_TempMeas_Server_Router/Drivers/STM32WBAxx_HAL_Driver/Src/stm32wbaxx_hal.c:594:6:HAL_SYSCFG_EnableIOAnalogSwitchBooster	0	static
D:/240233/Zigbee_TempMeas_Server_Router/Drivers/STM32WBAxx_HAL_Driver/Src/stm32wbaxx_hal.c:604:6:HAL_SYSCFG_DisableIOAnalogSwitchBooster	0	static
D:/240233/Zigbee_TempMeas_Server_Router/Drivers/STM32WBAxx_HAL_Driver/Src/stm32wbaxx_hal.c:614:6:HAL_SYSCFG_EnableIOAnalogSwitchVdd	0	static
D:/240233/Zigbee_TempMeas_Server_Router/Drivers/STM32WBAxx_HAL_Driver/Src/stm32wbaxx_hal.c:623:6:HAL_SYSCFG_DisableIOAnalogSwitchVdd	0	static
D:/240233/Zigbee_TempMeas_Server_Router/Drivers/STM32WBAxx_HAL_Driver/Src/stm32wbaxx_hal.c:815:6:HAL_SYSCFG_EnableCompensationCell	8	static
D:/240233/Zigbee_TempMeas_Server_Router/Drivers/STM32WBAxx_HAL_Driver/Src/stm32wbaxx_hal.c:831:6:HAL_SYSCFG_DisableCompensationCell	8	static
D:/240233/Zigbee_TempMeas_Server_Router/Drivers/STM32WBAxx_HAL_Driver/Src/stm32wbaxx_hal.c:847:10:HAL_SYSCFG_GetCompensationCellReadyStatus	8	static
D:/240233/Zigbee_TempMeas_Server_Router/Drivers/STM32WBAxx_HAL_Driver/Src/stm32wbaxx_hal.c:871:6:HAL_SYSCFG_ConfigCompensationCell	24	static,ignoring_inline_asm
D:/240233/Zigbee_TempMeas_Server_Router/Drivers/STM32WBAxx_HAL_Driver/Src/stm32wbaxx_hal.c:907:19:HAL_SYSCFG_GetCompensationCell	8	static
D:/240233/Zigbee_TempMeas_Server_Router/Drivers/STM32WBAxx_HAL_Driver/Src/stm32wbaxx_hal.c:954:6:HAL_SYSCFG_Lock	8	static
D:/240233/Zigbee_TempMeas_Server_Router/Drivers/STM32WBAxx_HAL_Driver/Src/stm32wbaxx_hal.c:975:19:HAL_SYSCFG_GetLock	0	static
D:/240233/Zigbee_TempMeas_Server_Router/Drivers/STM32WBAxx_HAL_Driver/Src/stm32wbaxx_hal.c:1061:19:HAL_SYSCFG_GetConfigAttributes	16	static
