D:/240233/Zigbee_TempMeas_Server_Router/Drivers/STM32WBAxx_HAL_Driver/Src/stm32wbaxx_hal_rng_ex.c:85:19:HAL_RNGEx_SetConfig	16	static
D:/240233/Zigbee_TempMeas_Server_Router/Drivers/STM32WBAxx_HAL_Driver/Src/stm32wbaxx_hal_rng_ex.c:185:19:HAL_RNGEx_GetConfig	4	static
D:/240233/Zigbee_TempMeas_Server_Router/Drivers/STM32WBAxx_HAL_Driver/Src/stm32wbaxx_hal_rng_ex.c:240:19:HAL_RNGEx_LockConfig	4	static
D:/240233/Zigbee_TempMeas_Server_Router/Drivers/STM32WBAxx_HAL_Driver/Src/stm32wbaxx_hal_rng_ex.c:299:19:HAL_RNGEx_RecoverSeedError	8	static
