D:/240233/Zigbee_TempMeas_Server_Router/Drivers/STM32WBAxx_HAL_Driver/Src/stm32wbaxx_hal_i2c.c:7657:13:I2C_TransferConfig	24	static
D:/240233/Zigbee_TempMeas_Server_Router/Drivers/STM32WBAxx_HAL_Driver/Src/stm32wbaxx_hal_i2c.c:7320:26:I2C_WaitOnFlagUntilTimeout.constprop	24	static
D:/240233/Zigbee_TempMeas_Server_Router/Drivers/STM32WBAxx_HAL_Driver/Src/stm32wbaxx_hal_i2c.c:7360:26:I2C_WaitOnTXISFlagUntilTimeout	32	static
D:/240233/Zigbee_TempMeas_Server_Router/Drivers/STM32WBAxx_HAL_Driver/Src/stm32wbaxx_hal_i2c.c:7320:26:I2C_WaitOnFlagUntilTimeout	32	static
D:/240233/Zigbee_TempMeas_Server_Router/Drivers/STM32WBAxx_HAL_Driver/Src/stm32wbaxx_hal_i2c.c:7401:26:I2C_WaitOnSTOPFlagUntilTimeout	32	static
D:/240233/Zigbee_TempMeas_Server_Router/Drivers/STM32WBAxx_HAL_Driver/Src/stm32wbaxx_hal_i2c.c:7439:26:I2C_WaitOnRXNEFlagUntilTimeout	32	static
D:/240233/Zigbee_TempMeas_Server_Router/Drivers/STM32WBAxx_HAL_Driver/Src/stm32wbaxx_hal_i2c.c:706:13:HAL_I2C_MspInit	0	static
D:/240233/Zigbee_TempMeas_Server_Router/Drivers/STM32WBAxx_HAL_Driver/Src/stm32wbaxx_hal_i2c.c:545:19:HAL_I2C_Init	16	static
D:/240233/Zigbee_TempMeas_Server_Router/Drivers/STM32WBAxx_HAL_Driver/Src/stm32wbaxx_hal_i2c.c:722:13:HAL_I2C_MspDeInit	0	static
D:/240233/Zigbee_TempMeas_Server_Router/Drivers/STM32WBAxx_HAL_Driver/Src/stm32wbaxx_hal_i2c.c:660:19:HAL_I2C_DeInit	8	static
D:/240233/Zigbee_TempMeas_Server_Router/Drivers/STM32WBAxx_HAL_Driver/Src/stm32wbaxx_hal_i2c.c:1129:19:HAL_I2C_Master_Transmit	48	static
D:/240233/Zigbee_TempMeas_Server_Router/Drivers/STM32WBAxx_HAL_Driver/Src/stm32wbaxx_hal_i2c.c:1248:19:HAL_I2C_Master_Receive	40	static
D:/240233/Zigbee_TempMeas_Server_Router/Drivers/STM32WBAxx_HAL_Driver/Src/stm32wbaxx_hal_i2c.c:1366:19:HAL_I2C_Slave_Transmit	32	static
D:/240233/Zigbee_TempMeas_Server_Router/Drivers/STM32WBAxx_HAL_Driver/Src/stm32wbaxx_hal_i2c.c:1553:19:HAL_I2C_Slave_Receive	40	static
D:/240233/Zigbee_TempMeas_Server_Router/Drivers/STM32WBAxx_HAL_Driver/Src/stm32wbaxx_hal_i2c.c:1683:19:HAL_I2C_Master_Transmit_IT	16	static
D:/240233/Zigbee_TempMeas_Server_Router/Drivers/STM32WBAxx_HAL_Driver/Src/stm32wbaxx_hal_i2c.c:1762:19:HAL_I2C_Master_Receive_IT	24	static
D:/240233/Zigbee_TempMeas_Server_Router/Drivers/STM32WBAxx_HAL_Driver/Src/stm32wbaxx_hal_i2c.c:1839:19:HAL_I2C_Slave_Transmit_IT	16	static
D:/240233/Zigbee_TempMeas_Server_Router/Drivers/STM32WBAxx_HAL_Driver/Src/stm32wbaxx_hal_i2c.c:1903:19:HAL_I2C_Slave_Receive_IT	16	static
D:/240233/Zigbee_TempMeas_Server_Router/Drivers/STM32WBAxx_HAL_Driver/Src/stm32wbaxx_hal_i2c.c:1956:19:HAL_I2C_Master_Transmit_DMA	24	static
D:/240233/Zigbee_TempMeas_Server_Router/Drivers/STM32WBAxx_HAL_Driver/Src/stm32wbaxx_hal_i2c.c:2146:19:HAL_I2C_Master_Receive_DMA	24	static
D:/240233/Zigbee_TempMeas_Server_Router/Drivers/STM32WBAxx_HAL_Driver/Src/stm32wbaxx_hal_i2c.c:2334:19:HAL_I2C_Slave_Transmit_DMA	16	static
D:/240233/Zigbee_TempMeas_Server_Router/Drivers/STM32WBAxx_HAL_Driver/Src/stm32wbaxx_hal_i2c.c:2504:19:HAL_I2C_Slave_Receive_DMA	16	static
D:/240233/Zigbee_TempMeas_Server_Router/Drivers/STM32WBAxx_HAL_Driver/Src/stm32wbaxx_hal_i2c.c:2648:19:HAL_I2C_Mem_Write	40	static
D:/240233/Zigbee_TempMeas_Server_Router/Drivers/STM32WBAxx_HAL_Driver/Src/stm32wbaxx_hal_i2c.c:2785:19:HAL_I2C_Mem_Read	40	static
D:/240233/Zigbee_TempMeas_Server_Router/Drivers/STM32WBAxx_HAL_Driver/Src/stm32wbaxx_hal_i2c.c:2922:19:HAL_I2C_Mem_Write_IT	32	static
D:/240233/Zigbee_TempMeas_Server_Router/Drivers/STM32WBAxx_HAL_Driver/Src/stm32wbaxx_hal_i2c.c:3010:19:HAL_I2C_Mem_Read_IT	24	static
D:/240233/Zigbee_TempMeas_Server_Router/Drivers/STM32WBAxx_HAL_Driver/Src/stm32wbaxx_hal_i2c.c:3098:19:HAL_I2C_Mem_Write_DMA	32	static
D:/240233/Zigbee_TempMeas_Server_Router/Drivers/STM32WBAxx_HAL_Driver/Src/stm32wbaxx_hal_i2c.c:3278:19:HAL_I2C_Mem_Read_DMA	24	static
D:/240233/Zigbee_TempMeas_Server_Router/Drivers/STM32WBAxx_HAL_Driver/Src/stm32wbaxx_hal_i2c.c:3458:19:HAL_I2C_IsDeviceReady	48	static
D:/240233/Zigbee_TempMeas_Server_Router/Drivers/STM32WBAxx_HAL_Driver/Src/stm32wbaxx_hal_i2c.c:3613:19:HAL_I2C_Master_Seq_Transmit_IT	32	static
D:/240233/Zigbee_TempMeas_Server_Router/Drivers/STM32WBAxx_HAL_Driver/Src/stm32wbaxx_hal_i2c.c:3705:19:HAL_I2C_Master_Seq_Transmit_DMA	40	static
D:/240233/Zigbee_TempMeas_Server_Router/Drivers/STM32WBAxx_HAL_Driver/Src/stm32wbaxx_hal_i2c.c:3908:19:HAL_I2C_Master_Seq_Receive_IT	32	static
D:/240233/Zigbee_TempMeas_Server_Router/Drivers/STM32WBAxx_HAL_Driver/Src/stm32wbaxx_hal_i2c.c:3996:19:HAL_I2C_Master_Seq_Receive_DMA	40	static
D:/240233/Zigbee_TempMeas_Server_Router/Drivers/STM32WBAxx_HAL_Driver/Src/stm32wbaxx_hal_i2c.c:4196:19:HAL_I2C_Slave_Seq_Transmit_IT	32	static
D:/240233/Zigbee_TempMeas_Server_Router/Drivers/STM32WBAxx_HAL_Driver/Src/stm32wbaxx_hal_i2c.c:4299:19:HAL_I2C_Slave_Seq_Transmit_DMA	24	static
D:/240233/Zigbee_TempMeas_Server_Router/Drivers/STM32WBAxx_HAL_Driver/Src/stm32wbaxx_hal_i2c.c:4518:19:HAL_I2C_Slave_Seq_Receive_IT	32	static
D:/240233/Zigbee_TempMeas_Server_Router/Drivers/STM32WBAxx_HAL_Driver/Src/stm32wbaxx_hal_i2c.c:4621:19:HAL_I2C_Slave_Seq_Receive_DMA	24	static
D:/240233/Zigbee_TempMeas_Server_Router/Drivers/STM32WBAxx_HAL_Driver/Src/stm32wbaxx_hal_i2c.c:4836:19:HAL_I2C_EnableListen_IT	4	static
D:/240233/Zigbee_TempMeas_Server_Router/Drivers/STM32WBAxx_HAL_Driver/Src/stm32wbaxx_hal_i2c.c:4860:19:HAL_I2C_DisableListen_IT	0	static
D:/240233/Zigbee_TempMeas_Server_Router/Drivers/STM32WBAxx_HAL_Driver/Src/stm32wbaxx_hal_i2c.c:4893:19:HAL_I2C_Master_Abort_IT	16	static
D:/240233/Zigbee_TempMeas_Server_Router/Drivers/STM32WBAxx_HAL_Driver/Src/stm32wbaxx_hal_i2c.c:4957:6:HAL_I2C_EV_IRQHandler	0	static
D:/240233/Zigbee_TempMeas_Server_Router/Drivers/STM32WBAxx_HAL_Driver/Src/stm32wbaxx_hal_i2c.c:5028:13:HAL_I2C_MasterTxCpltCallback	0	static
D:/240233/Zigbee_TempMeas_Server_Router/Drivers/STM32WBAxx_HAL_Driver/Src/stm32wbaxx_hal_i2c.c:5044:13:HAL_I2C_MasterRxCpltCallback	0	static
D:/240233/Zigbee_TempMeas_Server_Router/Drivers/STM32WBAxx_HAL_Driver/Src/stm32wbaxx_hal_i2c.c:5059:13:HAL_I2C_SlaveTxCpltCallback	0	static
D:/240233/Zigbee_TempMeas_Server_Router/Drivers/STM32WBAxx_HAL_Driver/Src/stm32wbaxx_hal_i2c.c:5075:13:HAL_I2C_SlaveRxCpltCallback	0	static
D:/240233/Zigbee_TempMeas_Server_Router/Drivers/STM32WBAxx_HAL_Driver/Src/stm32wbaxx_hal_i2c.c:6373:13:I2C_ITSlaveSeqCplt	8	static
D:/240233/Zigbee_TempMeas_Server_Router/Drivers/STM32WBAxx_HAL_Driver/Src/stm32wbaxx_hal_i2c.c:7241:13:I2C_DMASlaveReceiveCplt	16	static
D:/240233/Zigbee_TempMeas_Server_Router/Drivers/STM32WBAxx_HAL_Driver/Src/stm32wbaxx_hal_i2c.c:7134:13:I2C_DMASlaveTransmitCplt	8	static
D:/240233/Zigbee_TempMeas_Server_Router/Drivers/STM32WBAxx_HAL_Driver/Src/stm32wbaxx_hal_i2c.c:5093:13:HAL_I2C_AddrCallback	0	static
D:/240233/Zigbee_TempMeas_Server_Router/Drivers/STM32WBAxx_HAL_Driver/Src/stm32wbaxx_hal_i2c.c:6225:13:I2C_ITAddrCplt.part.0.constprop	16	static
D:/240233/Zigbee_TempMeas_Server_Router/Drivers/STM32WBAxx_HAL_Driver/Src/stm32wbaxx_hal_i2c.c:5111:13:HAL_I2C_ListenCpltCallback	0	static
D:/240233/Zigbee_TempMeas_Server_Router/Drivers/STM32WBAxx_HAL_Driver/Src/stm32wbaxx_hal_i2c.c:5127:13:HAL_I2C_MemTxCpltCallback	0	static
D:/240233/Zigbee_TempMeas_Server_Router/Drivers/STM32WBAxx_HAL_Driver/Src/stm32wbaxx_hal_i2c.c:5143:13:HAL_I2C_MemRxCpltCallback	0	static
D:/240233/Zigbee_TempMeas_Server_Router/Drivers/STM32WBAxx_HAL_Driver/Src/stm32wbaxx_hal_i2c.c:5159:13:HAL_I2C_ErrorCallback	0	static
D:/240233/Zigbee_TempMeas_Server_Router/Drivers/STM32WBAxx_HAL_Driver/Src/stm32wbaxx_hal_i2c.c:5175:13:HAL_I2C_AbortCpltCallback	0	static
D:/240233/Zigbee_TempMeas_Server_Router/Drivers/STM32WBAxx_HAL_Driver/Src/stm32wbaxx_hal_i2c.c:7289:13:I2C_DMAAbort	8	static
D:/240233/Zigbee_TempMeas_Server_Router/Drivers/STM32WBAxx_HAL_Driver/Src/stm32wbaxx_hal_i2c.c:6861:13:I2C_ITError	16	static
D:/240233/Zigbee_TempMeas_Server_Router/Drivers/STM32WBAxx_HAL_Driver/Src/stm32wbaxx_hal_i2c.c:6449:13:I2C_ITMasterCplt	24	static
D:/240233/Zigbee_TempMeas_Server_Router/Drivers/STM32WBAxx_HAL_Driver/Src/stm32wbaxx_hal_i2c.c:5258:26:I2C_Master_ISR_IT	32	static
D:/240233/Zigbee_TempMeas_Server_Router/Drivers/STM32WBAxx_HAL_Driver/Src/stm32wbaxx_hal_i2c.c:5828:26:I2C_Mem_ISR_DMA	24	static
D:/240233/Zigbee_TempMeas_Server_Router/Drivers/STM32WBAxx_HAL_Driver/Src/stm32wbaxx_hal_i2c.c:5688:26:I2C_Master_ISR_DMA	24	static
D:/240233/Zigbee_TempMeas_Server_Router/Drivers/STM32WBAxx_HAL_Driver/Src/stm32wbaxx_hal_i2c.c:7056:13:I2C_DMAMasterTransmitCplt	16	static
D:/240233/Zigbee_TempMeas_Server_Router/Drivers/STM32WBAxx_HAL_Driver/Src/stm32wbaxx_hal_i2c.c:7163:13:I2C_DMAMasterReceiveCplt	16	static
D:/240233/Zigbee_TempMeas_Server_Router/Drivers/STM32WBAxx_HAL_Driver/Src/stm32wbaxx_hal_i2c.c:5404:26:I2C_Mem_ISR_IT	32	static
D:/240233/Zigbee_TempMeas_Server_Router/Drivers/STM32WBAxx_HAL_Driver/Src/stm32wbaxx_hal_i2c.c:4976:6:HAL_I2C_ER_IRQHandler	4	static
D:/240233/Zigbee_TempMeas_Server_Router/Drivers/STM32WBAxx_HAL_Driver/Src/stm32wbaxx_hal_i2c.c:6592:13:I2C_ITSlaveCplt.constprop	24	static
D:/240233/Zigbee_TempMeas_Server_Router/Drivers/STM32WBAxx_HAL_Driver/Src/stm32wbaxx_hal_i2c.c:5976:26:I2C_Slave_ISR_DMA	24	static
D:/240233/Zigbee_TempMeas_Server_Router/Drivers/STM32WBAxx_HAL_Driver/Src/stm32wbaxx_hal_i2c.c:5547:26:I2C_Slave_ISR_IT	16	static
D:/240233/Zigbee_TempMeas_Server_Router/Drivers/STM32WBAxx_HAL_Driver/Src/stm32wbaxx_hal_i2c.c:7270:13:I2C_DMAError	16	static
D:/240233/Zigbee_TempMeas_Server_Router/Drivers/STM32WBAxx_HAL_Driver/Src/stm32wbaxx_hal_i2c.c:5210:22:HAL_I2C_GetState	0	static
D:/240233/Zigbee_TempMeas_Server_Router/Drivers/STM32WBAxx_HAL_Driver/Src/stm32wbaxx_hal_i2c.c:5222:21:HAL_I2C_GetMode	0	static
D:/240233/Zigbee_TempMeas_Server_Router/Drivers/STM32WBAxx_HAL_Driver/Src/stm32wbaxx_hal_i2c.c:5233:10:HAL_I2C_GetError	0	static
