D:/241161/dnes3/Zigbee_TempMeas_Server_Router/Utilities/tim_serv/stm32_timer.c:130:21:UTIL_TIMER_Start.part.0	32	static,ignoring_inline_asm
D:/241161/dnes3/Zigbee_TempMeas_Server_Router/Utilities/tim_serv/stm32_timer.c:97:21:UTIL_TIMER_Init	0	static
D:/241161/dnes3/Zigbee_TempMeas_Server_Router/Utilities/tim_serv/stm32_timer.c:104:21:UTIL_TIMER_DeInit	0	static
D:/241161/dnes3/Zigbee_TempMeas_Server_Router/Utilities/tim_serv/stm32_timer.c:109:21:UTIL_TIMER_Create	24	static
D:/241161/dnes3/Zigbee_TempMeas_Server_Router/Utilities/tim_serv/stm32_timer.c:130:21:UTIL_TIMER_Start	0	static
D:/241161/dnes3/Zigbee_TempMeas_Server_Router/Utilities/tim_serv/stm32_timer.c:200:21:UTIL_TIMER_Stop	32	static,ignoring_inline_asm
D:/241161/dnes3/Zigbee_TempMeas_Server_Router/Utilities/tim_serv/stm32_timer.c:180:21:UTIL_TIMER_StartWithPeriod	16	static
D:/241161/dnes3/Zigbee_TempMeas_Server_Router/Utilities/tim_serv/stm32_timer.c:266:21:UTIL_TIMER_SetPeriod	16	static
D:/241161/dnes3/Zigbee_TempMeas_Server_Router/Utilities/tim_serv/stm32_timer.c:286:21:UTIL_TIMER_SetReloadMode	0	static
D:/241161/dnes3/Zigbee_TempMeas_Server_Router/Utilities/tim_serv/stm32_timer.c:301:21:UTIL_TIMER_GetRemainingTime	16	static
D:/241161/dnes3/Zigbee_TempMeas_Server_Router/Utilities/tim_serv/stm32_timer.c:323:10:UTIL_TIMER_IsRunning	0	static
D:/241161/dnes3/Zigbee_TempMeas_Server_Router/Utilities/tim_serv/stm32_timer.c:335:10:UTIL_TIMER_GetFirstRemainingTime	8	static
D:/241161/dnes3/Zigbee_TempMeas_Server_Router/Utilities/tim_serv/stm32_timer.c:346:6:UTIL_TIMER_IRQ_Handler	32	static,ignoring_inline_asm
D:/241161/dnes3/Zigbee_TempMeas_Server_Router/Utilities/tim_serv/stm32_timer.c:423:19:UTIL_TIMER_GetCurrentTime	8	static
D:/241161/dnes3/Zigbee_TempMeas_Server_Router/Utilities/tim_serv/stm32_timer.c:429:19:UTIL_TIMER_GetElapsedTime	16	static
D:/241161/dnes3/Zigbee_TempMeas_Server_Router/Utilities/tim_serv/stm32_timer.c:437:22:UTIL_TIMER_GetTimerList	0	static
D:/241161/dnes3/Zigbee_TempMeas_Server_Router/Utilities/tim_serv/stm32_timer.c:459:6:TimerExists	0	static
D:/241161/dnes3/Zigbee_TempMeas_Server_Router/Utilities/tim_serv/stm32_timer.c:479:6:TimerSetTimeout	32	static
D:/241161/dnes3/Zigbee_TempMeas_Server_Router/Utilities/tim_serv/stm32_timer.c:500:6:TimerInsertTimer	4	static
D:/241161/dnes3/Zigbee_TempMeas_Server_Router/Utilities/tim_serv/stm32_timer.c:532:6:TimerInsertNewHeadTimer	32	static
