D:/240233/Zigbee_TempMeas_Server_Router/Middlewares/ST/STM32_WPAN/link_layer/ll_sys/src/ll_sys_dp_slp.c:143:6:ll_sys_dp_slp_wakeup_evt_clbk	8	static
D:/240233/Zigbee_TempMeas_Server_Router/Middlewares/ST/STM32_WPAN/link_layer/ll_sys/src/ll_sys_dp_slp.c:34:17:ll_sys_dp_slp_init	8	static
D:/240233/Zigbee_TempMeas_Server_Router/Middlewares/ST/STM32_WPAN/link_layer/ll_sys/src/ll_sys_dp_slp.c:57:23:ll_sys_dp_slp_get_state	0	static
D:/240233/Zigbee_TempMeas_Server_Router/Middlewares/ST/STM32_WPAN/link_layer/ll_sys/src/ll_sys_dp_slp.c:67:17:ll_sys_dp_slp_enter	8	static
D:/240233/Zigbee_TempMeas_Server_Router/Middlewares/ST/STM32_WPAN/link_layer/ll_sys/src/ll_sys_dp_slp.c:103:17:ll_sys_dp_slp_exit	16	static
