D:/240233/Zigbee_TempMeas_Server_Router/Projects/Common/WPAN/Modules/scm.c:392:13:SCM_HSE_TimerInit	48	static,ignoring_inline_asm
D:/240233/Zigbee_TempMeas_Server_Router/Projects/Common/WPAN/Modules/scm.c:39:13:SCM_HSI_CLK_ON	0	static
D:/240233/Zigbee_TempMeas_Server_Router/Projects/Common/WPAN/Modules/scm.c:45:13:SCM_HSI_CLK_OFF	0	static
D:/240233/Zigbee_TempMeas_Server_Router/Projects/Common/WPAN/Modules/scm.c:52:13:SCM_HSI_SwithSystemClock_Entry	0	static
D:/240233/Zigbee_TempMeas_Server_Router/Projects/Common/WPAN/Modules/scm.c:57:13:SCM_HSI_SwithSystemClock_Exit	0	static
D:/240233/Zigbee_TempMeas_Server_Router/Projects/Common/WPAN/Modules/scm.c:648:16:scm_pll_fractional_update	0	static
D:/240233/Zigbee_TempMeas_Server_Router/Projects/Common/WPAN/Modules/scm.c:625:16:scm_pll_setconfig	24	static
D:/240233/Zigbee_TempMeas_Server_Router/Projects/Common/WPAN/Modules/scm.c:772:13:scm_pllready	0	static
D:/240233/Zigbee_TempMeas_Server_Router/Projects/Common/WPAN/Modules/scm.c:787:16:scm_setwaitstates	8	static
D:/240233/Zigbee_TempMeas_Server_Router/Projects/Common/WPAN/Modules/scm.c:847:16:scm_hserdy_isr	16	static
D:/240233/Zigbee_TempMeas_Server_Router/Projects/Common/WPAN/Modules/scm.c:533:16:scm_setup	16	static,ignoring_inline_asm
D:/240233/Zigbee_TempMeas_Server_Router/Projects/Common/WPAN/Modules/scm.c:430:16:scm_init	32	static,ignoring_inline_asm
D:/240233/Zigbee_TempMeas_Server_Router/Projects/Common/WPAN/Modules/scm.c:913:16:scm_pllrdy_isr	8	static
D:/240233/Zigbee_TempMeas_Server_Router/Projects/Common/WPAN/Modules/scm.c:970:16:scm_standbyexit	16	static
D:/240233/Zigbee_TempMeas_Server_Router/Projects/Common/WPAN/Modules/scm.c:989:19:isRadioActive	0	static
D:/240233/Zigbee_TempMeas_Server_Router/Projects/Common/WPAN/Modules/scm.c:995:19:SCM_HSE_Get_SW_HSERDY	0	static
D:/240233/Zigbee_TempMeas_Server_Router/Projects/Common/WPAN/Modules/scm.c:1005:16:SCM_HSE_Set_SW_HSERDY	0	static,ignoring_inline_asm
D:/240233/Zigbee_TempMeas_Server_Router/Projects/Common/WPAN/Modules/scm.c:1012:16:SCM_HSE_Clear_SW_HSERDY	0	static,ignoring_inline_asm
D:/240233/Zigbee_TempMeas_Server_Router/Projects/Common/WPAN/Modules/scm.c:1020:16:SCM_HSE_WaitUntilReady	8	static,ignoring_inline_asm
D:/240233/Zigbee_TempMeas_Server_Router/Projects/Common/WPAN/Modules/scm.c:258:23:SwitchHse16toHse32	8	static
D:/240233/Zigbee_TempMeas_Server_Router/Projects/Common/WPAN/Modules/scm.c:674:16:scm_setsystemclock	24	static,ignoring_inline_asm
D:/240233/Zigbee_TempMeas_Server_Router/Projects/Common/WPAN/Modules/scm.c:951:16:scm_notifyradiostate	0	static
D:/240233/Zigbee_TempMeas_Server_Router/Projects/Common/WPAN/Modules/scm.c:1064:16:SCM_HSE_StartStabilizationTimer	0	static
D:/240233/Zigbee_TempMeas_Server_Router/Projects/Common/WPAN/Modules/scm.c:1086:16:SCM_HSE_StopStabilizationTimer	0	static
D:/240233/Zigbee_TempMeas_Server_Router/Projects/Common/WPAN/Modules/scm.c:1102:16:SCM_HSE_SW_HSERDY_isr	0	static,ignoring_inline_asm
