D:/240233/Zigbee_TempMeas_Server_Router/STM32_WPAN/Target/linklayer_plat.c:69:6:LINKLAYER_PLAT_ClockInit	16	static
D:/240233/Zigbee_TempMeas_Server_Router/STM32_WPAN/Target/linklayer_plat.c:90:6:LINKLAYER_PLAT_DelayUs	12	static,ignoring_inline_asm
D:/240233/Zigbee_TempMeas_Server_Router/STM32_WPAN/Target/linklayer_plat.c:148:6:LINKLAYER_PLAT_Assert	0	static
D:/240233/Zigbee_TempMeas_Server_Router/STM32_WPAN/Target/linklayer_plat.c:158:6:LINKLAYER_PLAT_WaitHclkRdy	8	static
D:/240233/Zigbee_TempMeas_Server_Router/STM32_WPAN/Target/linklayer_plat.c:174:6:LINKLAYER_PLAT_NotifyWFIEnter	0	static
D:/240233/Zigbee_TempMeas_Server_Router/STM32_WPAN/Target/linklayer_plat.c:196:6:LINKLAYER_PLAT_NotifyWFIExit	8	static
D:/240233/Zigbee_TempMeas_Server_Router/STM32_WPAN/Target/linklayer_plat.c:211:6:LINKLAYER_PLAT_AclkCtrl	8	static
D:/240233/Zigbee_TempMeas_Server_Router/STM32_WPAN/Target/linklayer_plat.c:242:6:LINKLAYER_PLAT_GetRNG	32	static
D:/240233/Zigbee_TempMeas_Server_Router/STM32_WPAN/Target/linklayer_plat.c:269:6:LINKLAYER_PLAT_SetupRadioIT	8	static
D:/240233/Zigbee_TempMeas_Server_Router/STM32_WPAN/Target/linklayer_plat.c:281:6:LINKLAYER_PLAT_SetupSwLowIT	8	static
D:/240233/Zigbee_TempMeas_Server_Router/STM32_WPAN/Target/linklayer_plat.c:294:6:LINKLAYER_PLAT_TriggerSwLowIT	8	static
D:/240233/Zigbee_TempMeas_Server_Router/STM32_WPAN/Target/linklayer_plat.c:335:6:LINKLAYER_PLAT_EnableIRQ	0	static,ignoring_inline_asm
D:/240233/Zigbee_TempMeas_Server_Router/STM32_WPAN/Target/linklayer_plat.c:351:6:LINKLAYER_PLAT_DisableIRQ	0	static,ignoring_inline_asm
D:/240233/Zigbee_TempMeas_Server_Router/STM32_WPAN/Target/linklayer_plat.c:372:6:LINKLAYER_PLAT_EnableSpecificIRQ	8	static,ignoring_inline_asm
D:/240233/Zigbee_TempMeas_Server_Router/STM32_WPAN/Target/linklayer_plat.c:419:6:LINKLAYER_PLAT_DisableSpecificIRQ	8	static,ignoring_inline_asm
D:/240233/Zigbee_TempMeas_Server_Router/STM32_WPAN/Target/linklayer_plat.c:463:6:LINKLAYER_PLAT_EnableRadioIT	0	static
D:/240233/Zigbee_TempMeas_Server_Router/STM32_WPAN/Target/linklayer_plat.c:481:6:LINKLAYER_PLAT_DisableRadioIT	0	static
D:/240233/Zigbee_TempMeas_Server_Router/STM32_WPAN/Target/linklayer_plat.c:499:6:LINKLAYER_PLAT_StartRadioEvt	0	static
D:/240233/Zigbee_TempMeas_Server_Router/STM32_WPAN/Target/linklayer_plat.c:513:6:LINKLAYER_PLAT_StopRadioEvt	0	static
D:/240233/Zigbee_TempMeas_Server_Router/STM32_WPAN/Target/linklayer_plat.c:527:6:LINKLAYER_PLAT_RCOStartClbr	8	static
D:/240233/Zigbee_TempMeas_Server_Router/STM32_WPAN/Target/linklayer_plat.c:543:6:LINKLAYER_PLAT_RCOStopClbr	0	static
D:/240233/Zigbee_TempMeas_Server_Router/STM32_WPAN/Target/linklayer_plat.c:558:6:LINKLAYER_PLAT_RequestTemperature	0	static
D:/240233/Zigbee_TempMeas_Server_Router/STM32_WPAN/Target/linklayer_plat.c:567:6:LINKLAYER_PLAT_PhyStartClbr	0	static
D:/240233/Zigbee_TempMeas_Server_Router/STM32_WPAN/Target/linklayer_plat.c:583:6:LINKLAYER_PLAT_PhyStopClbr	0	static
D:/240233/Zigbee_TempMeas_Server_Router/STM32_WPAN/Target/linklayer_plat.c:599:6:LINKLAYER_PLAT_SCHLDR_TIMING_UPDATE_NOT	0	static
D:/240233/Zigbee_TempMeas_Server_Router/STM32_WPAN/Target/linklayer_plat.c:611:10:LINKLAYER_PLAT_GetSTCompanyID	0	static
D:/240233/Zigbee_TempMeas_Server_Router/STM32_WPAN/Target/linklayer_plat.c:621:10:LINKLAYER_PLAT_GetUDN	0	static
